
 Start         Length     Name                   Class
 0001:00000000 000A0660H .text                   CODE
 0002:00000000 0000147CH .data                   DATA
 0002:0000147C 0001E425H .bss                    BSS


Detailed map of segments

 0001:00000000 00005D5F C=CODE     S=.text    G=(none)   M=System   ACBP=A9
 0001:00005D60 000001CC C=CODE     S=.text    G=(none)   M=SysInit  ACBP=A9
 0001:00005F2C 00000118 C=CODE     S=.text    G=(none)   M=ShareMem ACBP=A9
 0001:00006044 00000078 C=CODE     S=.text    G=(none)   M=Types    ACBP=A9
 0001:000060BC 00000CDC C=CODE     S=.text    G=(none)   M=Windows  ACBP=A9
 0001:00006D98 00000038 C=CODE     S=.text    G=(none)   M=Messages ACBP=A9
 0001:00006DD0 000000E0 C=CODE     S=.text    G=(none)   M=ActiveX  ACBP=A9
 0001:00006EB0 00000338 C=CODE     S=.text    G=(none)   M=SysConst ACBP=A9
 0001:000071E8 000070E0 C=CODE     S=.text    G=(none)   M=SysUtils ACBP=A9
 0001:0000E2C8 000007FB C=CODE     S=.text    G=(none)   M=VarUtils ACBP=A9
 0001:0000EAC4 00005B12 C=CODE     S=.text    G=(none)   M=Variants ACBP=A9
 0001:000145D8 00000070 C=CODE     S=.text    G=(none)   M=ComConst ACBP=A9
 0001:00014648 000010F9 C=CODE     S=.text    G=(none)   M=ComObj   ACBP=A9
 0001:00015744 00000BFC C=CODE     S=.text    G=(none)   M=ComServ  ACBP=A9
 0001:00016340 000000F4 C=CODE     S=.text    G=(none)   M=CommCtrl ACBP=A9
 0001:00016434 00000038 C=CODE     S=.text    G=(none)   M=ShellAPI ACBP=A9
 0001:0001646C 00000038 C=CODE     S=.text    G=(none)   M=RegStr   ACBP=A9
 0001:000164A4 00000038 C=CODE     S=.text    G=(none)   M=WinInet  ACBP=A9
 0001:000164DC 00000038 C=CODE     S=.text    G=(none)   M=UrlMon   ACBP=A9
 0001:00016514 00000038 C=CODE     S=.text    G=(none)   M=ShlObj   ACBP=A9
 0001:0001654C 00000038 C=CODE     S=.text    G=(none)   M=CommDlg  ACBP=A9
 0001:00016584 00000038 C=CODE     S=.text    G=(none)   M=WinSpool ACBP=A9
 0001:000165BC 00000120 C=CODE     S=.text    G=(none)   M=RTLConsts ACBP=A9
 0001:000166DC 000007E8 C=CODE     S=.text    G=(none)   M=TypInfo  ACBP=A9
 0001:00016EC4 0000978A C=CODE     S=.text    G=(none)   M=Classes  ACBP=A9
 0001:00020650 000002C0 C=CODE     S=.text    G=(none)   M=Consts   ACBP=A9
 0001:00020910 00008D47 C=CODE     S=.text    G=(none)   M=Graphics ACBP=A9
 0001:00029658 00000048 C=CODE     S=.text    G=(none)   M=Math     ACBP=A9
 0001:000296A0 000002B8 C=CODE     S=.text    G=(none)   M=Contnrs  ACBP=A9
 0001:00029958 00000787 C=CODE     S=.text    G=(none)   M=MultiMon ACBP=A9
 0001:0002A0E0 00000038 C=CODE     S=.text    G=(none)   M=Imm      ACBP=A9
 0001:0002A118 00000FF8 C=CODE     S=.text    G=(none)   M=HelpIntfs ACBP=A9
 0001:0002B110 0000031F C=CODE     S=.text    G=(none)   M=FlatSB   ACBP=A9
 0001:0002B430 000001A4 C=CODE     S=.text    G=(none)   M=SyncObjs ACBP=A9
 0001:0002B5D4 000009BB C=CODE     S=.text    G=(none)   M=UxTheme  ACBP=A9
 0001:0002BF90 00000038 C=CODE     S=.text    G=(none)   M=RichEdit ACBP=A9
 0001:0002BFC8 00000038 C=CODE     S=.text    G=(none)   M=ToolWin  ACBP=A9
 0001:0002C000 00000038 C=CODE     S=.text    G=(none)   M=Dlgs     ACBP=A9
 0001:0002C038 000011AA C=CODE     S=.text    G=(none)   M=ExtCtrls ACBP=A9
 0001:0002D1E4 00000038 C=CODE     S=.text    G=(none)   M=ComStrs  ACBP=A9
 0001:0002D21C 00000094 C=CODE     S=.text    G=(none)   M=Clipbrd  ACBP=A9
 0001:0002D2B0 00000038 C=CODE     S=.text    G=(none)   M=StrUtils ACBP=A9
 0001:0002D2E8 000000F5 C=CODE     S=.text    G=(none)   M=Buttons  ACBP=A9
 0001:0002D3E0 00000038 C=CODE     S=.text    G=(none)   M=ExtDlgs  ACBP=A9
 0001:0002D418 00000068 C=CODE     S=.text    G=(none)   M=IniFiles ACBP=A9
 0001:0002D480 00000068 C=CODE     S=.text    G=(none)   M=Registry ACBP=A9
 0001:0002D4E8 0000006C C=CODE     S=.text    G=(none)   M=Mapi     ACBP=A9
 0001:0002D554 00000058 C=CODE     S=.text    G=(none)   M=ExtActns ACBP=A9
 0001:0002D5AC 00000038 C=CODE     S=.text    G=(none)   M=ListActns ACBP=A9
 0001:0002D5E4 00000180 C=CODE     S=.text    G=(none)   M=ComCtrls ACBP=A9
 0001:0002D764 00000A0C C=CODE     S=.text    G=(none)   M=Themes   ACBP=A9
 0001:0002E170 00001D88 C=CODE     S=.text    G=(none)   M=StdCtrls ACBP=A9
 0001:0002FEF8 00000168 C=CODE     S=.text    G=(none)   M=StdActns ACBP=A9
 0001:00030060 00000D1F C=CODE     S=.text    G=(none)   M=WinHelpViewer ACBP=A9
 0001:00030D80 000108EF C=CODE     S=.text    G=(none)   M=Controls ACBP=A9
 0001:00041670 00001292 C=CODE     S=.text    G=(none)   M=ActnList ACBP=A9
 0001:00042904 000016E4 C=CODE     S=.text    G=(none)   M=ImgList  ACBP=A9
 0001:00043FE8 000066AD C=CODE     S=.text    G=(none)   M=Menus    ACBP=A9
 0001:0004A698 0000C3BC C=CODE     S=.text    G=(none)   M=Forms    ACBP=A9
 0001:00056A54 00000044 C=CODE     S=.text    G=(none)   M=Printers ACBP=A9
 0001:00056A98 0000130D C=CODE     S=.text    G=(none)   M=Dialogs  ACBP=A9
 0001:00057DA8 000000B0 C=CODE     S=.text    G=(none)   M=DateUtils ACBP=A9
 0001:00057E58 0000464C C=CODE     S=.text    G=(none)   M=Unit_Validacao_SPED ACBP=A9
 0001:0005C4A4 000441B9 C=CODE     S=.text    G=(none)   M=SPEDFiscal32dll ACBP=A9
 0002:00000000 000000A0 C=DATA     S=.data    G=DGROUP   M=System   ACBP=A9
 0002:000000A0 00000030 C=DATA     S=.data    G=DGROUP   M=SysInit  ACBP=A9
 0002:000000D0 00000010 C=DATA     S=.data    G=DGROUP   M=ActiveX  ACBP=A9
 0002:000000E0 00000250 C=DATA     S=.data    G=DGROUP   M=SysUtils ACBP=A9
 0002:00000330 00000008 C=DATA     S=.data    G=DGROUP   M=VarUtils ACBP=A9
 0002:00000338 0000008E C=DATA     S=.data    G=DGROUP   M=Variants ACBP=A9
 0002:000003C8 00000040 C=DATA     S=.data    G=DGROUP   M=ComObj   ACBP=A9
 0002:00000408 00000008 C=DATA     S=.data    G=DGROUP   M=ComServ  ACBP=A9
 0002:00000410 0000000C C=DATA     S=.data    G=DGROUP   M=TypInfo  ACBP=A9
 0002:0000041C 00000064 C=DATA     S=.data    G=DGROUP   M=Classes  ACBP=A9
 0002:00000480 00000304 C=DATA     S=.data    G=DGROUP   M=Graphics ACBP=A9
 0002:00000784 00000178 C=DATA     S=.data    G=DGROUP   M=ExtCtrls ACBP=A9
 0002:000008FC 0000002C C=DATA     S=.data    G=DGROUP   M=Buttons  ACBP=A9
 0002:00000928 00000008 C=DATA     S=.data    G=DGROUP   M=IniFiles ACBP=A9
 0002:00000930 00000008 C=DATA     S=.data    G=DGROUP   M=Registry ACBP=A9
 0002:00000938 00000008 C=DATA     S=.data    G=DGROUP   M=Mapi     ACBP=A9
 0002:00000940 00000018 C=DATA     S=.data    G=DGROUP   M=ComCtrls ACBP=A9
 0002:00000958 00000068 C=DATA     S=.data    G=DGROUP   M=Themes   ACBP=A9
 0002:000009C0 00000018 C=DATA     S=.data    G=DGROUP   M=StdCtrls ACBP=A9
 0002:000009D8 0000013C C=DATA     S=.data    G=DGROUP   M=Controls ACBP=A9
 0002:00000B14 00000020 C=DATA     S=.data    G=DGROUP   M=ImgList  ACBP=A9
 0002:00000B34 000000EC C=DATA     S=.data    G=DGROUP   M=Menus    ACBP=A9
 0002:00000C20 0000011C C=DATA     S=.data    G=DGROUP   M=Forms    ACBP=A9
 0002:00000D3C 00000004 C=DATA     S=.data    G=DGROUP   M=Printers ACBP=A9
 0002:00000D40 000000B4 C=DATA     S=.data    G=DGROUP   M=Dialogs  ACBP=A9
 0002:00000DF4 000001CA C=DATA     S=.data    G=DGROUP   M=Unit_Validacao_SPED ACBP=A9
 0002:00002000 00000664 C=BSS      S=.bss     G=DGROUP   M=System   ACBP=A9
 0002:00002664 00000014 C=BSS      S=.bss     G=DGROUP   M=SysInit  ACBP=A9
 0002:00002678 00000004 C=BSS      S=.bss     G=DGROUP   M=ShareMem ACBP=A9
 0002:0000267C 00000004 C=BSS      S=.bss     G=DGROUP   M=Types    ACBP=A9
 0002:00002680 00000004 C=BSS      S=.bss     G=DGROUP   M=Windows  ACBP=A9
 0002:00002684 00000004 C=BSS      S=.bss     G=DGROUP   M=Messages ACBP=A9
 0002:00002688 00000004 C=BSS      S=.bss     G=DGROUP   M=ActiveX  ACBP=A9
 0002:0000268C 00000004 C=BSS      S=.bss     G=DGROUP   M=SysConst ACBP=A9
 0002:00002690 00000120 C=BSS      S=.bss     G=DGROUP   M=SysUtils ACBP=A9
 0002:000027B0 0000005C C=BSS      S=.bss     G=DGROUP   M=VarUtils ACBP=A9
 0002:0000280C 00000040 C=BSS      S=.bss     G=DGROUP   M=Variants ACBP=A9
 0002:0000284C 00000004 C=BSS      S=.bss     G=DGROUP   M=ComConst ACBP=A9
 0002:00002850 00000011 C=BSS      S=.bss     G=DGROUP   M=ComObj   ACBP=A9
 0002:00002864 0000000C C=BSS      S=.bss     G=DGROUP   M=ComServ  ACBP=A9
 0002:00002870 00000004 C=BSS      S=.bss     G=DGROUP   M=CommCtrl ACBP=A9
 0002:00002874 00000004 C=BSS      S=.bss     G=DGROUP   M=ShellAPI ACBP=A9
 0002:00002878 00000004 C=BSS      S=.bss     G=DGROUP   M=RegStr   ACBP=A9
 0002:0000287C 00000004 C=BSS      S=.bss     G=DGROUP   M=WinInet  ACBP=A9
 0002:00002880 00000004 C=BSS      S=.bss     G=DGROUP   M=UrlMon   ACBP=A9
 0002:00002884 00000004 C=BSS      S=.bss     G=DGROUP   M=ShlObj   ACBP=A9
 0002:00002888 00000004 C=BSS      S=.bss     G=DGROUP   M=CommDlg  ACBP=A9
 0002:0000288C 00000004 C=BSS      S=.bss     G=DGROUP   M=WinSpool ACBP=A9
 0002:00002890 00000004 C=BSS      S=.bss     G=DGROUP   M=RTLConsts ACBP=A9
 0002:00002894 00000004 C=BSS      S=.bss     G=DGROUP   M=TypInfo  ACBP=A9
 0002:00002898 00000040 C=BSS      S=.bss     G=DGROUP   M=Classes  ACBP=A9
 0002:000028D8 00000004 C=BSS      S=.bss     G=DGROUP   M=Consts   ACBP=A9
 0002:000028DC 00000060 C=BSS      S=.bss     G=DGROUP   M=Graphics ACBP=A9
 0002:0000293C 00000004 C=BSS      S=.bss     G=DGROUP   M=Math     ACBP=A9
 0002:00002940 00000004 C=BSS      S=.bss     G=DGROUP   M=Contnrs  ACBP=A9
 0002:00002944 00000031 C=BSS      S=.bss     G=DGROUP   M=MultiMon ACBP=A9
 0002:00002978 00000004 C=BSS      S=.bss     G=DGROUP   M=Imm      ACBP=A9
 0002:0000297C 00000008 C=BSS      S=.bss     G=DGROUP   M=HelpIntfs ACBP=A9
 0002:00002984 00000034 C=BSS      S=.bss     G=DGROUP   M=FlatSB   ACBP=A9
 0002:000029B8 00000004 C=BSS      S=.bss     G=DGROUP   M=SyncObjs ACBP=A9
 0002:000029BC 000000CC C=BSS      S=.bss     G=DGROUP   M=UxTheme  ACBP=A9
 0002:00002A88 00000004 C=BSS      S=.bss     G=DGROUP   M=RichEdit ACBP=A9
 0002:00002A8C 00000004 C=BSS      S=.bss     G=DGROUP   M=ToolWin  ACBP=A9
 0002:00002A90 00000004 C=BSS      S=.bss     G=DGROUP   M=Dlgs     ACBP=A9
 0002:00002A94 00000004 C=BSS      S=.bss     G=DGROUP   M=ExtCtrls ACBP=A9
 0002:00002A98 00000004 C=BSS      S=.bss     G=DGROUP   M=ComStrs  ACBP=A9
 0002:00002A9C 0000000C C=BSS      S=.bss     G=DGROUP   M=Clipbrd  ACBP=A9
 0002:00002AA8 00000004 C=BSS      S=.bss     G=DGROUP   M=StrUtils ACBP=A9
 0002:00002AAC 00000030 C=BSS      S=.bss     G=DGROUP   M=Buttons  ACBP=A9
 0002:00002ADC 00000004 C=BSS      S=.bss     G=DGROUP   M=ExtDlgs  ACBP=A9
 0002:00002AE0 00000004 C=BSS      S=.bss     G=DGROUP   M=IniFiles ACBP=A9
 0002:00002AE4 00000004 C=BSS      S=.bss     G=DGROUP   M=Registry ACBP=A9
 0002:00002AE8 00000004 C=BSS      S=.bss     G=DGROUP   M=Mapi     ACBP=A9
 0002:00002AEC 00000009 C=BSS      S=.bss     G=DGROUP   M=ExtActns ACBP=A9
 0002:00002AF8 00000004 C=BSS      S=.bss     G=DGROUP   M=ListActns ACBP=A9
 0002:00002AFC 00000010 C=BSS      S=.bss     G=DGROUP   M=ComCtrls ACBP=A9
 0002:00002B0C 00000008 C=BSS      S=.bss     G=DGROUP   M=Themes   ACBP=A9
 0002:00002B14 00000004 C=BSS      S=.bss     G=DGROUP   M=StdCtrls ACBP=A9
 0002:00002B18 00000004 C=BSS      S=.bss     G=DGROUP   M=StdActns ACBP=A9
 0002:00002B1C 00000014 C=BSS      S=.bss     G=DGROUP   M=WinHelpViewer ACBP=A9
 0002:00002B30 00000080 C=BSS      S=.bss     G=DGROUP   M=Controls ACBP=A9
 0002:00002BB0 00000004 C=BSS      S=.bss     G=DGROUP   M=ActnList ACBP=A9
 0002:00002BB4 0000000C C=BSS      S=.bss     G=DGROUP   M=ImgList  ACBP=A9
 0002:00002BC0 00000010 C=BSS      S=.bss     G=DGROUP   M=Menus    ACBP=A9
 0002:00002BD0 00000020 C=BSS      S=.bss     G=DGROUP   M=Forms    ACBP=A9
 0002:00002BF0 00000004 C=BSS      S=.bss     G=DGROUP   M=Printers ACBP=A9
 0002:00002BF4 00000038 C=BSS      S=.bss     G=DGROUP   M=Dialogs  ACBP=A9
 0002:00002C2C 00000004 C=BSS      S=.bss     G=DGROUP   M=DateUtils ACBP=A9
 0002:00002C30 0001D7F4 C=BSS      S=.bss     G=DGROUP   M=Unit_Validacao_SPED ACBP=A9


  Address         Publics by Name

 0002:00002A98       .1
 0002:00002878       .1
 0002:00002AA8       .1
 0002:00002C2C       .1
 0002:00002884       .1
 0002:00002B24       .1
 0002:000028D8       .1
 0002:0000284C       .1
 0002:00002978       .1
 0002:00002874       .1
 0002:00002964       .1
 0002:0000268C       .1
 0002:00002A90       .1
 0002:00002890       .1
 0002:000029A4       .1
 0002:00002870       .1
 0002:00002880       .1
 0002:00002684       .1
 0002:00002670       .1
 0002:00002A78       .1
 0002:00002678       .1
 0002:00020420       .1
 0002:00002A88       .1
 0002:00002AE8       .1
 0002:0000267C       .1
 0002:0000287C       .1
 0002:00002888       .1
 0002:00002BF4       .11
 0002:000028E0       .12
 0002:00002A94       .12
 0002:00002AA0       .2
 0002:0000297C       .2
 0002:00002B0C       .2
 0002:00002868       .2
 0002:0000293C       .2
 0002:00002940       .21
 0002:00002BB4       .3
 0002:00002ADC       .3
 0002:00002680       .3
 0002:00002BF0       .3
 0002:0000288C       .3
 0002:00002688       .3
 0002:000027A0       .35
 0002:00002AFC       .36
 0002:00002AAC       .4
 0002:00002A8C       .4
 0002:00002850       .41
 0002:00002BD8       .41
 0002:00002B14       .42
 0002:000028A4       .45
 0002:00002808       .5
 0002:00002AE4       .5
 0002:000025BC       .5
 0002:00002894       .6
 0002:000029B8       .6
 0002:00002B38       .72
 0002:00002AEC       .72
 0002:00002B18       .73
 0002:00002AE0       .8
 0002:00002AF8       .8
 0002:00002BB0       .8
 0002:0000282C       .81
 0002:00002BC8       .9
 0001:00001FA8       @AbstractError
 0001:000031F4       @AfterConstruction
 0001:00002034       @Append
 0001:00003020       @AsClass
 0001:00002298       @Assign
 0001:00002494       @AStrCmp
 0001:00003204       @BeforeDestruction
 0001:00002DA0       @BoundErr
 0001:0000306C       @CallDynaInst
 0001:0000319C       @ClassCreate
 0001:000031EC       @ClassDestroy
 0001:00002360       @Close
 0001:00001C80       @Copy
 0001:00004998       @CopyArray
 0001:0000487C       @CopyRecord
 0001:00004B04       @DispCallByIDError
 0001:0000F5E8       @DispInvokeError
 0001:00004AA0       @Dispose
 0001:00003680       @DoneExcept
 0001:00004F78       @DynArrayAsg
 0001:00004F3C       @DynArrayClear
 0001:00004D5C       @DynArrayHigh
 0001:00004D54       @DynArrayLength
 0001:00004F30       @DynArraySetLength
 0001:00002504       @EofText
 0001:00003768       @ExceptionHandler
 0001:0000253C       @FillChar
 0001:00004858       @Finalize
 0001:0000476C       @FinalizeArray
 0001:00004720       @FinalizeRecord
 0001:00003084       @FindDynaInst
 0001:00002354       @Flush
 0001:00002D94       @FpuInit
 0001:00002CD0       @FpuMaskInit
 0001:00001AA8       @FreeMem
 0001:00001A78       @GetMem
 0001:00005E60       @GetTls
 0001:00003C60       @Halt
 0001:00003B80       @Halt0
 0001:00003318       @HandleAnyException
 0001:000035CC       @HandleFinally
 0001:00003444       @HandleOnException
 0001:00004714       @Initialize
 0001:00004680       @InitializeArray
 0001:00004650       @InitializeRecord
 0001:00003A44       @InitImports
 0001:00005EAC       @InitLib
 0001:00003A1C       @InitResStringImports
 0001:000039F8       @InitResStrings
 0001:00005704       @IntfAddRef
 0001:000056D4       @IntfCast
 0001:00005690       @IntfClear
 0001:000056A8       @IntfCopy
 0001:00002FFC       @IsClass
 0001:00002CA0       @isNECWindows
 0001:00004128       @LStrAddRef
 0001:00003C9C       @LStrArrayClr
 0001:00003CCC       @LStrAsg
 0001:00003F40       @LStrCat
 0001:00003F84       @LStrCat3
 0001:00003FF8       @LStrCatN
 0001:00003C78       @LStrClr
 0001:00004084       @LStrCmp
 0001:00004198       @LStrCopy
 0001:000041D8       @LStrDelete
 0001:00003EE8       @LStrFromArray
 0001:00003E60       @LStrFromChar
 0001:00003E70       @LStrFromPChar
 0001:00003D68       @LStrFromPCharLen
 0001:00003EA0       @LStrFromPWChar
 0001:00003DD4       @LStrFromPWCharLen
 0001:00003EDC       @LStrFromString
 0001:00003F00       @LStrFromWStr
 0001:00004220       @LStrInsert
 0001:00003D10       @LStrLAsg
 0001:00003F38       @LStrLen
 0001:00004328       @LStrOfChar
 0001:0000427C       @LStrPos
 0001:000042C4       @LStrSetLength
 0001:00004138       @LStrToPChar
 0001:00003F14       @LStrToString
 0001:00004A8C       @New
 0001:00003D3C       @NewAnsiString
 0001:00004398       @NewWideString
 0001:000029B4       @Pow10
 0001:00002410       @PStrCmp
 0001:000023E8       @PStrCpy
 0001:000023B8       @PStrNCat
 0001:000023F4       @PStrNCpy
 0001:0000362C       @RaiseAgain
 0001:00003604       @RaiseExcept
 0001:00002598       @ReadChar
 0001:000026FC       @ReadLn
 0001:00002690       @ReadLString
 0001:00002684       @ReadString
 0001:00001AC8       @ReallocMem
 0001:0000201C       @ResetText
 0001:00002028       @RewritText
 0001:00001F78       @ROUND
 0001:00003C6C       @RunError
 0001:00002998       @SetEq
 0001:00003930       @StartLib
 0001:000002EC       @strlen
 0001:00001F84       @TRUNC
 0001:000036B0       @TryFinallyExit
 0001:00004190       @UniqueStringA
 0001:00004B30       @ValInt64
 0001:0000272C       @ValLong
 0001:00013D2C       @VarAddRef
 0001:0000FEDC       @VarCast
 0001:0000F8D4       @VarClear
 0001:0000F8E8       @VarClr
 0001:00004754       @VarClr
 0001:0000FC10       @VarCopy
 0001:00004864       @VarCopy
 0001:00013C0C       @VarFromBool
 0001:00013A98       @VarFromByte
 0001:00013C5C       @VarFromCurr
 0001:00013BB4       @VarFromCurrency
 0001:00013BE0       @VarFromDate
 0001:00013D00       @VarFromDisp
 0001:00013B88       @VarFromDouble
 0001:00013A3C       @VarFromInt
 0001:00013B38       @VarFromInt64
 0001:00013A78       @VarFromInteger
 0001:00013CD4       @VarFromIntf
 0001:00013AD8       @VarFromLongWord
 0001:00013C70       @VarFromLStr
 0001:00013C34       @VarFromReal
 0001:00013AF8       @VarFromShortInt
 0001:00013B64       @VarFromSingle
 0001:00013B18       @VarFromSmallInt
 0001:00013C48       @VarFromTDateTime
 0001:00013AB8       @VarFromWord
 0001:00013C9C       @VarFromWStr
 0001:0000F63C       @VarNull
 0001:00011360       @VarToBoolean
 0001:000107A0       @VarToByte
 0001:00012524       @VarToCurrency
 0001:00011FBC       @VarToDate
 0001:00013990       @VarToDisp
 0001:00011868       @VarToDouble
 0001:00010D64       @VarToInt64
 0001:000102A0       @VarToInteger
 0001:000138C4       @VarToIntf
 0001:00010A18       @VarToLongWord
 0001:00012BD8       @VarToLStr
 0001:000106F0       @VarToShortInt
 0001:00011BE4       @VarToSingle
 0001:00010848       @VarToSmallInt
 0001:00010940       @VarToWord
 0001:000132F8       @VarToWStr
 0001:00004354       @Write0LString
 0001:00002844       @WriteBytes
 0001:00002914       @WriteLn
 0001:00004370       @WriteLString
 0001:00002898       @WriteSpaces
 0001:000043D8       @WStrArrayClr
 0001:000043FC       @WStrAsg
 0001:000043C0       @WStrClr
 0001:00004538       @WStrCmp
 0001:000045BC       @WStrCopy
 0001:0000450C       @WStrFromLStr
 0001:00004420       @WStrFromPCharLen
 0001:000044D0       @WStrFromPWChar
 0001:000044AC       @WStrFromPWCharLen
 0001:0000452C       @WStrLen
 0001:00004608       @WStrSetLength
 0001:0000451C       @WStrToPWChar
 0001:00002974       @_CLenToPasStr
 0001:00002968       @_CToPasStr
 0001:00001C50       @_IOTest
 0001:00004B0C       @_llmul
 0001:00033754       AbsMin
 0001:0000C30C       AbstractErrorHandler
 0002:0000202C       AbstractErrorProc
 0002:00000160       AccessMode
 0001:00001BB0       AcquireExceptionObject
 0001:00019220       ActivateClassGroup
 0001:000065F8       ActivateKeyboardLayout
 0002:00002B6C       ActiveDrag
 0001:00006EA8       ActiveX
 0001:000428D8       ActnList
 0001:0000044C       AddBlockAfter
 0002:0000041C       AddDataModule
 0001:0001C2E0       AddFinished
 0001:00045C1C       AddIn
 0001:000054F8       AddModuleUnloadProc
 0001:000054E8       AddModuleUnloadProc
 0001:0001C318       AddNotFinished
 0001:0001CD3C       AddSubComponentsToLoaded
 0001:0000D75C       AddTerminateProc
 0001:000242F4       AdjustColor
 0001:0004CC98       Adjustment
 0001:00006600       AdjustWindowRectEx
 0002:00000BF8       Alignments
 0002:000009C0       Alignments
 0002:00000C08       Alignments
 0001:00053BDC       AlignWork
 0001:00038DA4       AlignWork
 0001:00020430       AllocateHWnd
 0001:00007DDC       AllocMem
 0002:000025B4       AllocMemCount
 0002:000025B8       AllocMemSize
 0001:00029450       AllocPatternBitmap
 0001:00005D90       AllocTlsBuffer
 0002:000009E4       AnchorAlign
 0002:000009D8       AnimateWindowProc
 0002:00000AE0       AnimationStyle
 0001:00007FCC       AnsiCompareStr
 0001:00008004       AnsiCompareText
 0001:000086E4       AnsiLastChar
 0001:00006608       AnsiLower
 0001:00007F98       AnsiLowerCase
 0001:0000CCAC       AnsiLowerCaseFileName
 0001:0000CC70       AnsiPos
 0001:0004A4A4       AnsiSameCaption
 0001:0000803C       AnsiSameText
 0001:00008054       AnsiStrLIComp
 0001:0000CD38       AnsiStrPos
 0001:0000CDF8       AnsiStrRScan
 0001:0000CE40       AnsiStrScan
 0001:00005B1C       AnsiToUtf8
 0001:00007F64       AnsiUpperCase
 0001:0001384C       AnyToIntf
 0001:0000A1B4       AppendChars
 0001:0000A580       AppendFormat
 0001:0000A218       AppendNumber
 0001:0000A1F8       AppendString
 0002:00002BD0       Application
 0002:0000042C       ApplicationHandleException
 0002:00000434       ApplicationShowException
 0002:00000D34       AppVisible
 0001:0000C2F0       AssertErrorHandler
 0002:00002024       AssertErrorProc
 0001:0001698C       AssignLongStr
 0001:00016D30       AssignVariant
 0002:00000F58       ATIPO_ITEM
 0002:00000F7C       ATP_CHC
 0001:00015C80       AutomationTerminateProc
 0002:0000260C       avail
 0001:000089D8       BackfillGetDiskFreeSpaceEx
 0001:000362D8       BackgroundClipped
 0001:0000E558       BackupVarBoolFromStr
 0001:0000E6B8       BackupVarBStrFromBool
 0001:0000E5D8       BackupVarBStrFromCy
 0001:0000E648       BackupVarBStrFromDate
 0001:0000E4EC       BackupVarCyFromStr
 0001:0000E480       BackupVarDateFromStr
 0001:0000E33C       BackupVarI4FromStr
 0001:0000E2E8       BackupVariantChangeTypeEx
 0001:0000E3A8       BackupVarR4FromStr
 0001:0000E414       BackupVarR8FromStr
 0001:0000C8EC       Beep
 0001:00019578       BeginGlobalLoading
 0001:00006610       BeginPaint
 0001:00024300       BetterSize
 0001:00046AB0       BiDiDraw
 0001:000063F0       BitBlt
 0002:000008FC       BitBtnCaptions
 0002:00002AB0       BitBtnGlyphs
 0002:00000738       BitmapCanvasList
 0002:000028F8       BitmapImageLock
 0001:0000E324       BiUnimplemented
 0002:00000454       BlockCode
 0002:000025E4       blockDescBlockList
 0002:000025E8       blockDescFreeList
 0002:00000410       BooleanIdents
 0002:00000344       BooleanToStringRule
 0001:000084E0       BoolToStr
 0001:00012960       BoolToWStrViaOS
 0001:00018538       Bounds
 0001:00006068       Bounds
 0002:00000BA0       Breaks
 0002:00002930       BrushManager
 0001:00049284       BuildImage
 0002:00000D9C       ButtonCaptions
 0002:00000D70       ButtonNames
 0001:0002D3B8       Buttons
 0002:00000C1C       Buttons
 0002:000009D0       ButtonStyles
 0002:00002C00       ButtonWidths
 0001:00023ACC       BytesPerScanline
 0001:00023E30       ByteSwapColors
 0001:0000C9D0       ByteToCharIndex
 0001:0000C9A8       ByteToCharLen
 0001:0000C96C       ByteType
 0001:0000C8F4       ByteTypeTest
 0002:00002BB8       CachedComCtrlVer
 0001:0002036C       CalcJmpOffset
 0001:00040960       CalcSplitterPos
 0001:00006618       CallNextHookEx
 0001:0000D77C       CallTerminateProcs
 0001:00006620       CallWindowProc
 0001:0003478C       CancelDrag
 0002:00002934       CanvasList
 0002:00002B80       CanvasList
 0002:00000D48       Captions
 0002:00000A9C       CaptureControl
 0002:00000B40       cBooleanToItemAutoFlag
 0002:00002A9E       CF_COMPONENT
 0002:00002A9C       CF_PICTURE
 0002:000203D4       CGC_MF_Info
 0002:00002824       ChangeAnyProc
 0001:00032D0C       ChangeBiDiModeAlignment
 0001:0000876C       ChangeFileExt
 0001:00003D98       CharFromWChar
 0001:0000CBB4       CharLength
 0001:00006628       CharLowerBuff
 0001:00006630       CharNext
 0001:00000264       CharNext
 0001:000223FC       CharsetToIdent
 0001:0000CABC       CharToByteIndex
 0001:0000CB20       CharToByteLen
 0001:00006638       CharToOemA
 0001:00006640       CharUpperBuff
 0001:000248E4       CheckBool
 0001:00003294       CheckJmp
 0001:00006648       CheckMenuItem
 0002:00000B90       Checks
 0001:0001CD78       CheckSubComponents
 0001:0001F144       CheckSynchronize
 0001:0004C6D4       CheckTaskWindow
 0001:00034440       CheckUndock
 0001:0000C7E0       CheckWin32Version
 0002:00000348       CInvalidCustomVariantType
 0002:00000B44       cItemAutoFlagToBoolean
 0002:00000B3C       cItemAutoFlagToMenu
 0001:000205BC       Classes
 0001:00018FE4       ClassNotFound
 0002:00002820       ClearAnyProc
 0001:00021C7C       ClearColor
 0001:00015404       ClearExcepInfo
 0001:00014068       ClearVariantTypeList
 0001:00006650       ClientToScreen
 0001:0003DF48       ClientToWindow
 0002:00000730       ClipboardFormats
 0001:0002D258       Clipbrd
 0001:00006658       CloseClipboard
 0001:00000204       CloseHandle
 0001:000061A0       CloseHandle
 0002:000029C0       CloseThemeData
 0002:00002040       CmdLine
 0002:0000203C       CmdShow
 0002:00000B38       cMenuAutoFlagToItem
 0001:0000E330       CmpUnimplemented
 0002:000003D0       CoAddRefServerProcess
 0002:000003C8       CoCreateInstanceEx
 0002:000003E0       CoInitFlags
 0001:00006E34       CoInitialize
 0002:000003CC       CoInitializeEx
 0002:000004B0       Colors
 0001:000221F4       ColorToIdent
 0002:00000784       ColorToPretyName
 0001:000221E4       ColorToRGB
 0001:000155D4       ComClassManager
 0002:00002858       ComClassManagerVar
 0001:00014640       ComConst
 0002:00002B08       ComCtlVersion
 0001:0002D75C       ComCtrls
 0002:00002BCC       CommandPool
 0001:0001642C       CommCtrl
 0001:0001657C       CommDlg
 0001:000007CC       Commit
 0002:00002628       committedRoot
 0001:000156EC       ComObj
 0001:00045200       CompareFront
 0001:00007ECC       CompareMem
 0001:00007E9C       CompareStr
 0001:000061A8       CompareString
 0001:00007EEC       CompareText
 0001:00008408       CompareWith
 0001:0001CE58       ComponentCreated
 0001:000246A4       ComputeAldusChecksum
 0001:0001628C       ComServ
 0002:00002864       ComServer
 0001:0002D214       ComStrs
 0001:00020908       Consts
 0001:00029950       Contnrs
 0002:00002B3E       ControlAtom
 0002:00002B44       ControlAtomString
 0001:00051480       ControlHasHelp
 0001:000415E0       Controls
 0001:0000BCF4       ConvertAddr
 0001:0000A30C       ConvertEraString
 0001:00007DA0       ConvertError
 0001:00007DB8       ConvertErrorFmt
 0001:0000A478       ConvertYearString
 0001:00004D64       CopyArray
 0001:00026A80       CopyBitmap
 0001:00027148       CopyBitmapAsMask
 0001:000063F8       CopyEnhMetaFile
 0001:000270E4       CopyPalette
 0002:0000095C       Copyright
 0001:00048330       CopyToBest
 0001:00006E44       CoRegisterClassObject
 0002:000003D4       CoReleaseServerProcess
 0002:000003D8       CoResumeClassObjects
 0002:000003DC       CoSuspendClassObjects
 0001:00006E3C       CoUninitialize
 0001:0000CA2C       CountChars
 0002:00002910       CounterLock
 0002:0000034C       CRangeToType
 0001:0000C234       CreateAssertException
 0001:0000C3BC       CreateAVObject
 0001:00006400       CreateBitmap
 0001:00006408       CreateBrushIndirect
 0001:00006410       CreateCompatibleBitmap
 0001:00006418       CreateCompatibleDC
 0001:0001CED8       CreateComponent
 0001:00006428       CreateDIBitmap
 0001:00006420       CreateDIBSection
 0001:000061B0       CreateEvent
 0001:000061B8       CreateFile
 0001:0000020C       CreateFileA
 0001:00006430       CreateFontIndirect
 0001:00006438       CreateHalftonePalette
 0001:00006660       CreateIcon
 0001:0000C160       CreateInOutError
 0001:00006668       CreateMenu
 0001:00057518       CreateMessageDialog
 0001:00006440       CreatePalette
 0001:00006448       CreatePenIndirect
 0001:00006670       CreatePopupMenu
 0001:00006450       CreateSolidBrush
 0001:00023E88       CreateSystemPalette
 0001:000061C0       CreateThread
 0001:00006C10       CreateWindow
 0001:00006BB8       CreateWindowEx
 0002:00000D40       CreationControl
 0002:000009DC       CreationControl
 0002:000003B4       CRelationshipToBoolean
 0002:00000330       CResult
 0002:00000158       cSimpleBoolStrs
 0002:00000360       CText
 0002:00000AD8       Ctl3DStyles
 0002:00002620       curAlloc
 0002:00002698       CurrencyDecimals
 0002:00002694       CurrencyFormat
 0002:00002690       CurrencyString
 0001:0000A1A0       CurrentYear
 0001:00009BBC       CurrToStr
 0001:000128F0       CurrToWStrViaOS
 0002:00000CB8       CursorMap
 0002:000009EC       Cursors
 0001:0003302C       CursorToIdent
 0002:00000CA8       cUseAlpha
 0002:00000CB0       cUseColorKey
 0001:0000815C       CvtInt
 0001:000081C8       CvtInt64
 0002:00000198       CWNear
 0002:00020408       Data_Final_Info
 0002:00020400       Data_Inicial_Info
 0002:00002699       DateSeparator
 0001:0000ADCC       DateTimeToStr
 0001:0000AD58       DateTimeToString
 0001:00009D2C       DateTimeToTimeStamp
 0001:0000ADB4       DateToStr
 0001:00012928       DateToWStrViaOS
 0001:00057E50       DateUtils
 0001:0000A128       DayOfWeek
 0001:00057DE8       DaysInAMonth
 0002:00000194       DCon10
 0002:000004AC       DDBsOnly
 0001:0005AF18       ddmmaaaaToSPEDDate
 0001:000204E4       DeallocateHWnd
 0002:00000028       DebugHook
 0002:00002697       DecimalSeparator
 0001:0000A108       DecodeDate
 0001:00009FB8       DecodeDateFully
 0001:00009E20       DecodeTime
 0001:0000088C       Decommit
 0001:00000FB8       DecommitFree
 0002:000025FC       decommittedRoot
 0001:0004F100       Default
 0001:00054818       Default
 0002:00000020       Default8087CW
 0002:000009E0       DefaultDockTreeClass
 0002:00000034       DefaultTextLineBreakStyle
 0002:000025C0       DefaultUserCodePage
 0002:00000700       DefBrushData
 0002:00000480       DefFontData
 0001:00006678       DefFrameProc
 0002:00000224       DefLongDayNames
 0002:000001D8       DefLongMonthNames
 0001:00006680       DefMDIChildProc
 0002:000006E0       DefPenData
 0002:00000208       DefShortDayNames
 0002:000001A8       DefShortMonthNames
 0001:00006688       DefWindowProc
 0001:00004FD0       DelayLoadResourceModule
 0001:000004A8       DeleteBlock
 0001:000061C8       DeleteCriticalSection
 0001:000003B8       DeleteCriticalSection
 0001:00006458       DeleteDC
 0001:00006460       DeleteEnhMetaFile
 0001:000061D0       DeleteFile
 0001:00000DA0       DeleteFree
 0001:00006690       DeleteMenu
 0001:00006468       DeleteObject
 0001:0002663C       DeselectBitmap
 0001:00006698       DestroyCursor
 0001:000066A0       DestroyIcon
 0001:0002D2E8       DestroyLocals
 0001:000066A8       DestroyMenu
 0001:000066B0       DestroyWindow
 0001:00030A34       DialogEnumerationTester
 0001:00057D68       Dialogs
 0002:0000073C       DIBPalSizes
 0002:00000090       dig
 0001:000086C0       DirectoryExists
 0001:0004C510       DisableTaskWindows
 0001:00014E18       DispatchInvoke
 0001:000153F8       DispatchInvokeError
 0001:000066B8       DispatchMessage
 0001:00052760       DispatchShortCut
 0001:00015414       DispCall
 0001:000154F8       DispCallByID
 0002:00002000       DispCallByIDProc
 0001:00015324       DispCallError
 0001:00007D84       DivMod
 0001:0002C030       Dlgs
 0002:0000266C       DllProc
 0001:00053A90       DoAlign
 0001:00038C34       DoAlign
 0001:0003CCBC       DoCalcConstraints
 0002:00002B74       DockSiteList
 0001:00048F50       DoClick
 0001:0003A378       DoControlMsg
 0001:0004C4C0       DoDisableWindow
 0001:00033D6C       DoDragOver
 0001:0003EC34       DoFindControlZone
 0001:0004C614       DoFindWindow
 0001:0003F1C0       DoFindZone
 0001:0003ECB8       DoForEach
 0001:000405C4       DoGetNextLimit
 0001:0004C488       DoneApplication
 0001:00041324       DoneControls
 0001:0000C6F0       DoneExceptions
 0001:00050ADC       DoNestedActivation
 0001:0001F104       DoneThreadSynchronization
 0001:000559B0       DoOnHelp
 0001:000538E0       DoPosition
 0001:000387F4       DoPosition
 0001:0003FBEC       DoPrune
 0001:000400C4       DoSaveZone
 0001:000402C8       DoSetNewBounds
 0002:00000418       DotSep
 0001:00025758       DoWrite
 0001:00043860       DoWrite
 0001:0001A3AC       DoWrite
 0001:00024B3C       DoWrite
 0001:00039960       DoWriteDesignSize
 0001:000373CC       DoWriteIsControl
 0002:00002B58       DragCapture
 0002:00002B4C       DragControl
 0001:000344B4       DragDone
 0001:00033D1C       DragFindTarget
 0001:00033CF0       DragFindWindow
 0002:00002B70       DragImageList
 0001:0003410C       DragInit
 0001:0003427C       DragInitControl
 0002:00002B54       DragInternalObject
 0001:00033C38       DragMessage
 0002:00002B50       DragObject
 0002:00002B7C       DragSave
 0002:00002B64       DragSaveCursor
 0002:00002B5C       DragStartPos
 0002:00002B68       DragThreshold
 0001:00033E3C       DragTo
 0001:00054854       DrawAppIcon
 0001:0003F758       DrawCloseButton
 0001:000066C0       DrawEdge
 0001:000066C8       DrawFrameControl
 0001:0003F7B0       DrawGrabberLine
 0001:000066D0       DrawIcon
 0001:000066D8       DrawIconEx
 0002:00000B14       DrawingStyles
 0001:000066E0       DrawMenuBar
 0001:0004A2C0       DrawMenuItem
 0001:000066E8       DrawText
 0002:000029C4       DrawThemeBackground
 0002:000029E8       DrawThemeEdge
 0002:000029EC       DrawThemeIcon
 0002:00002A70       DrawThemeParentBackground
 0002:000029C8       DrawThemeText
 0001:0002394C       DupBits
 0001:00004D7C       DynArrayClear
 0001:00004D84       DynArraySetLength
 0002:00000C00       EdgeStyle
 0002:00000AC8       EdgeStyles
 0001:0000C134       EHeapException.FreeInstance
 0001:000066F0       EmptyClipboard
 0002:0000280C       EmptyParam
 0002:000000E0       EmptyStr
 0002:000000E4       EmptyWideStr
 0001:000066F8       EnableMenuItem
 0002:00000B98       Enables
 0001:00006700       EnableScrollBar
 0001:0004C5C4       EnableTaskWindows
 0002:00002A58       EnableThemeDialogTexture
 0002:00002A74       EnableTheming
 0001:00006708       EnableWindow
 0001:00009F88       EncodeDate
 0001:00009DE0       EncodeTime
 0001:00019600       EndGlobalLoading
 0001:00006710       EndPaint
 0001:000061D8       EnterCriticalSection
 0001:000003A8       EnterCriticalSection
 0001:000061E0       EnumCalendarInfoA
 0002:00002960       EnumDisplayMonitors
 0001:0000B968       EnumEraNames
 0001:0000B9A4       EnumEraYearOffsets
 0001:0004F6C4       EnumMonitorsProc
 0001:00006718       EnumThreadWindows
 0001:0001C688       EnumValue
 0001:00006720       EnumWindows
 0001:00014B48       EOleException.Create
 0001:00014A78       EOleSysError.Create
 0001:00006728       EqualRect
 0002:00002760       EraNames
 0001:0000B058       EraToYear
 0002:0000277C       EraYearOffsets
 0002:00000068       errCaption
 0001:0001BE6C       Error
 0001:00001C44       Error
 0001:00018B88       Error
 0001:00044F50       Error
 0002:00000004       ErrorAddr
 0001:00001BF8       ErrorAt
 0001:0000C1E0       ErrorHandler
 0002:00000240       ErrorMap
 0002:00002008       ErrorProc
 0002:00020410       ErroTStr
 0002:000023E8       ErrOutput
 0002:00000EE8       EstadosUniao
 0001:00001B84       ExceptAddr
 0002:0000200C       ExceptClsProc
 0001:0000C65C       ExceptHandler
 0001:0000BF60       Exception.Create
 0001:0000BF9C       Exception.CreateFmt
 0001:0000C0EC       Exception.CreateHelp
 0001:0000C01C       Exception.CreateRes
 0001:0000C058       Exception.CreateResFmt
 0002:0000201C       ExceptionClass
 0001:0000BD00       ExceptionErrorMessage
 0002:00000278       ExceptMap
 0001:00001B64       ExceptObject
 0002:00002010       ExceptObjProc
 0002:00002004       ExceptProc
 0001:00006470       ExcludeClipRect
 0002:00000000       ExitCode
 0001:00003AC4       ExitDll
 0002:00002048       ExitProc
 0001:0000026C       ExitProcess
 0002:00002028       ExitProcessProc
 0001:00005E3C       ExitProcessTLS
 0001:00005E14       ExitThreadTLS
 0001:0000899C       ExpandFileName
 0001:0002D5A4       ExtActns
 0001:0002D1B4       ExtCtrls
 0001:0002D410       ExtDlgs
 0001:00008834       ExtractFileDir
 0001:00008888       ExtractFileDrive
 0001:00008954       ExtractFileExt
 0001:0000891C       ExtractFileName
 0001:00008800       ExtractFilePath
 0002:0000279C       FalseBoolStrs
 0002:00002AA4       FClipboard
 0002:00000188       FCon1E18
 0001:00008648       FileAge
 0001:00008640       FileClose
 0001:000085A8       FileCreate
 0001:00008584       FileCreate
 0001:000086B0       FileExists
 0002:00000734       FileFormats
 0002:00000008       FileMode
 0001:0000207C       FileNOPProc
 0001:0000852C       FileOpen
 0001:000085B0       FileRead
 0002:00000444       FilerSignature
 0001:00008608       FileSeek
 0001:000061E8       FileTimeToDosDateTime
 0001:000061F0       FileTimeToLocalFileTime
 0001:000085DC       FileWrite
 0001:00000ED8       FillAfterGap
 0001:00000E78       FillBeforeGap
 0001:00000F78       FillerSizeAfterGap
 0001:00000F00       FillerSizeBeforeGap
 0001:00006730       FillRect
 0002:00000E34       Finalidade
 0002:00000E88       Finalidade
 0002:00000E54       Finalidade
 0002:00000E44       Finalidade
 0001:000144B4       Finalization
 0001:00006D60       Finalization
 0001:00006D98       Finalization
 0001:0002A0E0       Finalization
 0001:0002A0A0       Finalization
 0001:0001654C       Finalization
 0001:00014610       Finalization
 0001:000166A4       Finalization
 0001:0001566C       Finalization
 0001:0002B3F0       Finalization
 0001:00029920       Finalization
 0001:000A0418       Finalization
 0001:0002B59C       Finalization
 0001:0000E0C8       Finalization
 0001:00006E78       Finalization
 0001:00030CAC       Finalization
 0001:0002D16C       Finalization
 0001:000071B0       Finalization
 0001:00030028       Finalization
 0001:0002FEC0       Finalization
 0001:0002E124       Finalization
 0001:00016434       Finalization
 0001:0002D1E4       Finalization
 0001:0002D6E4       Finalization
 0001:0002D21C       Finalization
 0001:0002D2B0       Finalization
 0001:0000EA84       Finalization
 0001:000163FC       Finalization
 0001:0002B0C8       Finalization
 0001:0002D380       Finalization
 0001:0005C3F4       Finalization
 0001:00056A54       Finalization
 0001:00016584       Finalization
 0001:00016240       Finalization
 0001:00016E6C       Finalization
 0001:000569B4       Finalization
 0001:0002050C       Finalization
 0001:000208D8       Finalization
 0001:00029668       Finalization
 0001:00029488       Finalization
 0001:00043FB0       Finalization
 0001:00057D0C       Finalization
 0001:0002D3E0       Finalization
 0001:00057E20       Finalization
 0001:0001646C       Finalization
 0001:000164DC       Finalization
 0001:0002D430       Finalization
 0001:000164A4       Finalization
 0001:00005C38       Finalization
 0001:00041578       Finalization
 0001:0002D498       Finalization
 0001:00005EF4       Finalization
 0001:0004A5A0       Finalization
 0001:0002BF20       Finalization
 0001:0002D4FC       Finalization
 0001:0002D554       Finalization
 0001:00005FFC       Finalization
 0001:0002BF90       Finalization
 0001:0002BFC8       Finalization
 0001:0002D5AC       Finalization
 0001:000428A8       Finalization
 0001:00006084       Finalization
 0001:0002C000       Finalization
 0001:00016514       Finalization
 0001:0005F2B4       Finaliza_SPED
 0001:00004D74       FinalizeArray
 0001:00003850       FinalizeUnits
 0001:00048D10       Find
 0001:00005060       FindBS
 0001:000190A4       FindClass
 0001:00004FC8       FindClassHInstance
 0001:000061F8       FindClose
 0001:0000027C       FindClose
 0001:0000D598       FindCmdLineSwitch
 0001:00000E34       FindCommitted
 0001:00032E0C       FindControl
 0001:0003F3EC       FindControlAtPos
 0001:000143C4       FindCustomVariantType
 0001:0001430C       FindCustomVariantType
 0001:000347D8       FindDragTarget
 0001:0001D088       FindExistingComponent
 0001:00006200       FindFirstFile
 0001:00000284       FindFirstFile
 0001:0004C720       FindGlobalComponent
 0001:00019490       FindGlobalComponent
 0002:000028B0       FindGlobalComponentProcs
 0001:00004FA0       FindHInstance
 0001:00019338       FindIdentToInt
 0002:00002BFC       FindMsg
 0001:0001C218       FindNestedComponent
 0001:00044F18       FindPopupControl
 0001:0000E74C       FindProc
 0001:00006208       FindResource
 0001:00005018       FindResourceHInstance
 0001:000561E4       FindScanline
 0001:00015D3C       FindSwitch
 0001:0004C678       FindTopMostWindow
 0001:0001DF6C       FindUniqueName
 0001:000347A4       FindVCLWindow
 0001:00006738       FindWindow
 0001:00030A8C       FindWinHelp
 0001:00026A34       FixupBitFields
 0002:00000C10       Flags
 0002:000027AC       FLanguages
 0001:0002B420       FlatSB
 0002:00002984       FlatSB_EnableScrollBar
 0002:00002990       FlatSB_GetScrollInfo
 0002:00002994       FlatSB_GetScrollPos
 0002:0000298C       FlatSB_GetScrollRange
 0002:0000299C       FlatSB_SetScrollInfo
 0002:00002998       FlatSB_SetScrollPos
 0001:0002B110       FlatSB_SetScrollProp
 0002:000029A0       FlatSB_SetScrollRange
 0002:00002988       FlatSB_ShowScrollBar
 0001:0000984C       FloatToDecimal
 0001:00009B8C       FloatToStr
 0001:00009284       FloatToText
 0001:00009558       FloatToTextFmt
 0001:00002348       Flush
 0002:0000019C       FMSecsPerDay
 0001:00009178       FmtStr
 0002:00000C2C       FocusCount
 0002:00000C28       FocusMessages
 0002:00000650       FontCharsets
 0002:00002928       FontManager
 0001:0004C6F4       ForegroundTask
 0002:000001A4       Format
 0001:00009164       Format
 0001:00008D54       FormatBuf
 0001:00008D48       FormatClearStr
 0001:00009C44       FormatCurr
 0001:0000ADE0       FormatDateTime
 0001:00008CCC       FormatError
 0002:00000180       FormatErrorStrs
 0001:00009BEC       FormatFloat
 0001:00006210       FormatMessage
 0001:0005AFF4       FormatoAlfa
 0001:0005B1BC       FormatoNum
 0001:00008D24       FormatVarToStr
 0001:00056A10       Forms
 0001:000029AC       FPower10
 0002:00000D3C       FPrinter
 0001:00006740       FrameRect
 0001:0000DCA8       FreeAndNil
 0001:00000B34       FreeCommitted
 0001:0000116C       FreeCurAlloc
 0001:00034898       FreeDeviceContext
 0001:00034954       FreeDeviceContexts
 0001:000202D8       FreeIntConstList
 0001:00006218       FreeLibrary
 0001:0000028C       FreeLibrary
 0001:000057A0       FreeMemory
 0001:00026590       FreeMemoryContexts
 0001:0002040C       FreeObjectInstance
 0001:00006238       FreeResource
 0001:00000704       FreeSpace
 0001:0000D7A8       FreeTerminateProcs
 0001:0002B5D4       FreeThemeLibrary
 0002:00002B04       FRichEditModule
 0001:0002393C       GDICheck
 0001:00023894       GDIError
 0001:00001F70       Get8087CW
 0001:00006240       GetACP
 0001:00006748       GetActiveWindow
 0001:00053F6C       GetAnimation
 0001:00056E74       GetAveCharSize
 0001:00006478       GetBitmapBits
 0001:000003C0       GetBlockDesc
 0001:00006480       GetBrushOrgEx
 0001:00006750       GetCapture
 0001:000330D4       GetCaptureControl
 0001:00019050       GetClass
 0001:00006758       GetClassInfo
 0001:00006760       GetClassName
 0001:00006768       GetClientRect
 0001:00006770       GetClipboardData
 0001:00025304       GetClipboardFormats
 0001:00006488       GetClipBox
 0001:0000035C       GetCmdShow
 0001:00042A78       GetColor
 0001:0002D684       GetComCtlVersion
 0001:00000294       GetCommandLine
 0001:00000948       GetCommitted
 0001:000009F0       GetCommittedAt
 0001:00039F2C       GetControlAtPos
 0001:0000A264       GetCount
 0001:00006248       GetCPInfo
 0001:00006490       GetCurrentPositionEx
 0001:00006250       GetCurrentProcessId
 0002:00002A68       GetCurrentThemeName
 0001:00006258       GetCurrentThreadId
 0001:0000034C       GetCurrentThreadId
 0001:00006B24       GetCurrentTime
 0001:00006778       GetCursor
 0001:000561F4       GetCursorHeightMargin
 0001:00006780       GetCursorPos
 0001:0000A294       GetDate
 0001:00006260       GetDateFormat
 0001:0000AF70       GetDateOrder
 0001:00006788       GetDC
 0001:00006790       GetDCEx
 0001:00006498       GetDCOrgEx
 0001:00029090       GetDefFontCharSet
 0001:00006798       GetDesktopWindow
 0001:000064B0       GetDeviceCaps
 0001:000248CC       GetDIB
 0001:000064A0       GetDIBColorTable
 0001:000064A8       GetDIBits
 0001:00024814       GetDIBSizes
 0001:00023AAC       GetDInColors
 0001:00006268       GetDiskFreeSpaceA
 0002:00000154       GetDiskFreeSpaceEx
 0001:000406A4       GetDockAlign
 0001:00033A7C       GetDockSiteAtPos
 0001:00033DA8       GetDropCtl
 0001:0000303C       GetDynaMethod
 0001:000064B8       GetEnhMetaFileBits
 0001:000064C0       GetEnhMetaFileHeader
 0001:000064C8       GetEnhMetaFilePaletteEntries
 0001:00016714       GetEnumNameValue
 0001:00016760       GetEnumValue
 0001:0000BA1C       GetEraNamesAndYearOffsets
 0001:0000B004       GetEraYearOffset
 0001:00006E64       GetErrorInfo
 0001:0000C3A4       GetExceptionClass
 0001:0000C590       GetExceptionObject
 0001:00018FD8       GetFieldClassTable
 0001:00006270       GetFileAttributes
 0001:000252E4       GetFileFormats
 0001:0000021C       GetFileSize
 0001:00000214       GetFileType
 0001:0000C800       GetFileVersion
 0001:000063D8       GetFileVersionInfo
 0001:000063E0       GetFileVersionInfoSize
 0001:000067A0       GetFocus
 0001:0002241C       GetFontData
 0001:000067A8       GetForegroundWindow
 0001:0000D0EC       GetFormatSettings
 0001:00006278       GetFullPathName
 0001:00021964       GetHashCode
 0001:000514B8       GetHelpInfo
 0001:0002A560       GetHelpSystem
 0001:00053D50       GetHint
 0001:00053D88       GetHintControl
 0001:0004A440       GetHotkey
 0001:000067B0       GetIconInfo
 0001:00015190       GetIDsOfNames
 0001:000067C8       GetKeyboardLayout
 0001:000067D0       GetKeyboardLayoutList
 0001:000067D8       GetKeyboardState
 0001:00002C98       GetKeyboardType
 0001:000067B8       GetKeyNameText
 0001:000067C0       GetKeyState
 0001:000067E0       GetLastActivePopup
 0001:0003E96C       GetLastChildZone
 0001:0000029C       GetLastError
 0001:00006280       GetLastError
 0001:0000B7E0       GetLocaleChar
 0001:00006290       GetLocaleInfo
 0001:000002A4       GetLocaleInfo
 0001:0000B794       GetLocaleStr
 0001:00006288       GetLocalTime
 0001:00033090       GetLongHint
 0002:00000408       GetLongPathName
 0001:000067E8       GetMenu
 0001:00051440       GetMenuHelpContext
 0001:000067F0       GetMenuItemCount
 0001:000067F8       GetMenuItemID
 0001:00006800       GetMenuItemInfo
 0001:0004755C       GetMenuSize
 0001:00006808       GetMenuState
 0001:00006810       GetMenuString
 0001:00006298       GetModuleFileName
 0001:000002AC       GetModuleFileName
 0001:0001593C       GetModuleFileName
 0001:00005F34       GetModuleHandle
 0001:000062A0       GetModuleHandle
 0001:000002B4       GetModuleHandle
 0001:000159C4       GetModuleName
 0002:00002954       GetMonitorInfo
 0002:00002958       GetMonitorInfoA
 0002:0000295C       GetMonitorInfoW
 0001:0000B844       GetMonthDayNames
 0001:00006818       GetNextWindow
 0001:000064D0       GetObject
 0001:00016834       GetOrdProp
 0001:000064D8       GetPaletteEntries
 0001:00001D24       GetParamStr
 0001:00006820       GetParent
 0001:0004C8EC       GetParentForm
 0001:000064E0       GetPixel
 0001:000062A8       GetProcAddress
 0001:000002BC       GetProcAddress
 0001:00005F3C       GetProcAddress
 0001:00006828       GetProp
 0001:000167C4       GetPropInfo
 0001:0004CDAC       GetRealScrollPosition
 0001:00042A58       GetRGBColor
 0001:00006830       GetScrollInfo
 0001:00006838       GetScrollPos
 0001:00006840       GetScrollRange
 0001:0003304C       GetShortHint
 0001:00000628       GetSpace
 0001:0000068C       GetSpaceAt
 0001:00044FA8       GetSpecialName
 0001:000002C4       GetStartupInfo
 0001:000062B0       GetStdHandle
 0001:00000224       GetStdHandle
 0001:000064E8       GetStockObject
 0001:000062B8       GetStringTypeEx
 0001:00006848       GetSubMenu
 0001:00006850       GetSysColor
 0001:00006858       GetSysColorBrush
 0001:000062C0       GetSystemInfo
 0001:00006860       GetSystemMenu
 0001:00006868       GetSystemMetrics
 0002:00002944       GetSystemMetrics
 0001:000064F0       GetSystemPaletteEntries
 0001:00006500       GetTextExtentPoint
 0001:000064F8       GetTextExtentPoint32
 0001:00006508       GetTextMetrics
 0002:00002A60       GetThemeAppProperties
 0002:000029CC       GetThemeBackgroundContentRect
 0002:000029D0       GetThemeBackgroundExtent
 0002:000029E0       GetThemeBackgroundRegion
 0002:00002A04       GetThemeBool
 0002:000029F8       GetThemeColor
 0002:00002A6C       GetThemeDocumentationProperty
 0002:00002A0C       GetThemeEnumValue
 0002:00002A2C       GetThemeFilename
 0002:00002A14       GetThemeFont
 0002:00002A08       GetThemeInt
 0002:00002A20       GetThemeIntList
 0002:00002A1C       GetThemeMargins
 0002:000029FC       GetThemeMetric
 0002:000029D4       GetThemePartSize
 0002:00002A10       GetThemePosition
 0002:00002A24       GetThemePropertyOrigin
 0002:00002A18       GetThemeRect
 0002:00002A00       GetThemeString
 0002:00002A38       GetThemeSysBool
 0002:00002A30       GetThemeSysColor
 0002:00002A34       GetThemeSysColorBrush
 0002:00002A40       GetThemeSysFont
 0002:00002A48       GetThemeSysInt
 0002:00002A3C       GetThemeSysSize
 0002:00002A44       GetThemeSysString
 0002:000029D8       GetThemeTextExtent
 0002:000029DC       GetThemeTextMetrics
 0001:000002CC       GetThreadLocale
 0001:000062C8       GetThreadLocale
 0001:000062D0       GetTickCount
 0001:0000A2CC       GetTime
 0001:00005D9C       GetTlsSize
 0001:00054530       GetTopMostWindows
 0001:000331DC       GetTopParent
 0001:00006870       GetTopWindow
 0001:00016708       GetTypeData
 0001:00015C08       GetTypeLibName
 0001:000062D8       GetVersion
 0001:00000354       GetVersion
 0001:000062E0       GetVersionEx
 0001:00006878       GetWindow
 0001:00006880       GetWindowDC
 0001:00006888       GetWindowLong
 0001:00006518       GetWindowOrgEx
 0001:00006890       GetWindowPlacement
 0001:00006898       GetWindowRect
 0001:000068A0       GetWindowText
 0002:00002A54       GetWindowTheme
 0001:000068A8       GetWindowThreadProcessId
 0001:000068B0       GetWindowThreadProcessId
 0001:00006510       GetWinMetaFileBits
 0001:000062E8       GlobalAddAtom
 0001:000062F0       GlobalAlloc
 0001:00006B30       GlobalAllocPtr
 0001:000062F8       GlobalDeleteAtom
 0001:00006300       GlobalFindAtom
 0002:000028B4       GlobalFixupList
 0001:0001C360       GlobalFixupReferences
 0001:00006308       GlobalFree
 0001:00006B5C       GlobalFreePtr
 0001:00006318       GlobalHandle
 0001:00006310       GlobalLock
 0002:00002898       GlobalNameSpace
 0001:00006320       GlobalReAlloc
 0001:00006B40       GlobalReAllocPtr
 0001:00006328       GlobalUnlock
 0001:0002955C       Graphics
 0001:000191CC       GroupDescendentsWith
 0002:000000D0       GUID_NULL
 0001:0000F564       HandleConversionException
 0001:000516C0       HandleEdge
 0001:0001D7C4       HandleException
 0002:00000024       HeapAllocFlags
 0002:000025C8       heapErrorCode
 0002:000025CC       heapLock
 0001:0002B108       HelpIntfs
 0002:00002980       HelpManager
 0002:00002BF8       HelpMsg
 0002:00002B28       HelpViewer
 0002:00002B2C       HelpViewerIntf
 0002:00000150       HexDisplayPrefix
 0001:00040720       HideZone
 0002:00002668       HInstance
 0002:00002BE4       HintDoneEvent
 0001:00053E58       HintGetMsgHook
 0002:00002BE8       HintHook
 0001:00053DFC       HintMouseThread
 0002:00002BEC       HintThread
 0002:00002BE0       HintThreadID
 0001:00053DA8       HintTimerProc
 0002:00000C20       HintWindowClass
 0002:000029E4       HitTestThemeBackground
 0001:00053E9C       HookHintHooks
 0001:00006C68       HwndMSWheel
 0002:00000BB4       IBreaks
 0002:00000BC0       IChecks
 0002:00000D5C       IconIDs
 0002:00000BC8       IDefaults
 0001:0002240C       IdentToCharset
 0001:00022204       IdentToColor
 0001:0003303C       IdentToCursor
 0001:000193B4       IdentToInt
 0001:00057E58       IdxOfReg
 0002:00000BD0       IEnables
 0001:00048300       IfHotkeyAvailable
 0002:00002BBC       ImageListWriteExProc
 0001:00016358       ImageList_Add
 0001:00016378       ImageList_AddIcon
 0001:0001639C       ImageList_BeginDrag
 0001:00016340       ImageList_Create
 0001:00016348       ImageList_Destroy
 0001:000163AC       ImageList_DragEnter
 0001:000163B4       ImageList_DragLeave
 0001:000163BC       ImageList_DragMove
 0001:000163CC       ImageList_DragShowNolock
 0001:00016384       ImageList_Draw
 0001:0001638C       ImageList_DrawEx
 0001:000163A4       ImageList_EndDrag
 0001:00016370       ImageList_GetBkColor
 0001:000163D4       ImageList_GetDragImage
 0001:000163EC       ImageList_GetIconSize
 0001:00016350       ImageList_GetImageCount
 0001:000163DC       ImageList_Read
 0001:00016394       ImageList_Remove
 0001:00016360       ImageList_ReplaceIcon
 0001:00016368       ImageList_SetBkColor
 0001:000163C4       ImageList_SetDragCursorImage
 0001:000163F4       ImageList_SetIconSize
 0001:000163E4       ImageList_Write
 0002:00000B24       Images
 0001:00043FE0       ImgList
 0001:0002A110       Imm
 0002:00000B08       IMM32DLL
 0001:00041310       Imm32IsIME
 0002:000001A0       IMSecsPerDay
 0001:0000F650       InBounds
 0001:0000F8F0       InBounds
 0001:0000F680       Increment
 0001:0000F920       Increment
 0001:000068B8       InflateRect
 0001:00057EE0       Info_Versao
 0001:0005C4A4       Inicia_SPED
 0001:0002D478       IniFiles
 0001:00000BC8       InitAllocator
 0001:00029958       InitAnApi
 0002:0000296C       InitApis
 0001:000155F4       InitComObj
 0001:0001965C       InitComponent
 0001:000161CC       InitComServer
 0002:00002638       InitContext
 0001:000413AC       InitControls
 0001:000290D4       InitDefFontData
 0001:0000D7D4       InitDriveSpacePtr
 0001:0000C66C       InitExceptions
 0001:0002B16C       InitFlatSB
 0001:00057BB8       InitGlobals
 0001:000246CC       InitializeBitmapInfoHeader
 0001:00006330       InitializeCriticalSection
 0001:000003A0       InitializeCriticalSection
 0002:000025C4       initialized
 0001:0002B144       InitializeFlatSB
 0001:00005EA0       InitializeModule
 0001:0000E778       InitializeVarUtils
 0001:00040FB0       InitIMM32
 0001:00019704       InitInheritedComponent
 0001:0000CEFC       InitLeadBytes
 0001:00005F44       InitMemoryManager
 0001:0002A034       InitMultiMonStubs
 0001:0000C770       InitPlatformId
 0002:00002044       InitProc
 0001:00005DE8       InitProcessTLS
 0001:00056928       InitProcs
 0001:00029058       InitScreenLogPixels
 0001:0000CF74       InitSysLocale
 0001:0002B794       InitThemeLibrary
 0001:0001F0D0       InitThreadSynchronization
 0001:00005DA4       InitThreadTLS
 0001:000038C0       InitUnits
 0001:00032D20       InitWndProc
 0002:00000AA8       InnerStyles
 0002:00002050       Input
 0002:000203D8       Insc_Est_Info
 0001:00053880       InsertBefore
 0001:00038768       InsertBefore
 0001:00001074       InsertFree
 0001:000483B4       InsertHotkeyFarEastFormat
 0001:000068C0       InsertMenu
 0001:000068C8       InsertMenuItem
 0002:000028D0       InstBlockList
 0002:000028D4       InstFreeList
 0002:000028A8       IntConstList
 0001:00000344       InterlockedDecrement
 0001:00006220       InterlockedDecrement
 0001:0000D83C       InterlockedDecrement
 0001:00006228       InterlockedExchange
 0001:0000D848       InterlockedExchange
 0001:0000D850       InterlockedExchangeAdd
 0001:0000033C       InterlockedIncrement
 0001:00006230       InterlockedIncrement
 0001:0000D830       InterlockedIncrement
 0001:000020BC       InternalClose
 0001:000218F0       InternalDeletePalette
 0001:00002300       InternalFlush
 0001:00000EB4       InternalFreeMem
 0001:0002481C       InternalGetDIB
 0001:000247B0       InternalGetDIBSizes
 0001:000194F4       InternalReadComponentRes
 0002:00002B10       InternalServices
 0001:00004144       InternalUniqueString
 0001:00006520       IntersectClipRect
 0001:000068D0       IntersectRect
 0001:000082BC       IntToHex
 0001:000193F4       IntToIdent
 0001:00008294       IntToStr
 0001:000081A8       IntToStr
 0001:000068D8       InvalidateRect
 0001:0002381C       InvalidBitmap
 0001:00023804       InvalidGraphic
 0001:00023828       InvalidIcon
 0001:00023834       InvalidMetafile
 0002:00000DFC       Invalido
 0001:000237EC       InvalidOperation
 0001:00018560       InvalidPoint
 0002:000027A8       InvalidPointer
 0001:00002EE8       InvokeImplGetter
 0001:00001CC4       IOResult
 0002:00000BF0       IOwnerDraw
 0002:00000BD8       IRadios
 0002:00000BE8       IRTL
 0001:0004C87C       IsAccel
 0001:00049594       IsAccelChar
 0002:00002A50       IsAppThemed
 0001:00033834       IsBeforeTargetWindow
 0001:000068E0       IsChild
 0002:0000204C       IsConsole
 0001:0000CC2C       IsDelimiter
 0001:00033C90       IsDelphiHandle
 0001:000068E8       IsDialogMessage
 0002:00000BE0       ISeparators
 0001:000068F0       IsIconic
 0001:000495F0       IsInitialChar
 0001:00009E7C       IsLeapYear
 0002:00002038       IsLibrary
 0001:00001B34       IsMemoryManagerSet
 0002:0000204D       IsMultiThread
 0001:0003E3D0       IsOrientationSet
 0001:000068F8       IsRectEmpty
 0001:00033A38       IsSiteChildOfClient
 0001:0005AD1C       IsSPEDDate
 0002:00002A4C       IsThemeActive
 0002:000029F4       IsThemeBackgroundPartiallyTransparent
 0002:00002A5C       IsThemeDialogTextureEnabled
 0002:000029F0       IsThemePartDefined
 0001:000194D0       IsUniqueGlobalComponentName
 0002:0000289C       IsUniqueGlobalComponentNameProc
 0001:00057DA8       IsValidDate
 0001:000080F8       IsValidIdent
 0001:0000CF5C       IsWesternGroup
 0001:00006900       IsWindow
 0001:00006908       IsWindowEnabled
 0001:00006910       IsWindowVisible
 0001:00006918       IsZoomed
 0001:00045374       Iterate
 0001:000453D4       IterateMenus
 0002:0000002C       JITEnable
 0001:0004C830       KeyboardStateToShiftState
 0001:0004C7F4       KeyDataToShiftState
 0001:0004C7A0       KeysToShiftState
 0001:00006920       KillTimer
 0001:0000871C       LastDelimiter
 0001:00005BC4       LCIDToCodePage
 0001:0000CE88       LCIDToCodePage
 0002:00000130       LeadBytes
 0001:000003B0       LeaveCriticalSection
 0001:00006338       LeaveCriticalSection
 0002:00000038       LibModuleList
 0001:00006528       LineTo
 0001:0002D5DC       ListActns
 0001:00034820       ListAdd
 0001:00034848       ListRemove
 0002:0000275E       ListSeparator
 0001:00006928       LoadBitmap
 0001:00014C14       LoadComExProcs
 0001:00006930       LoadCursor
 0001:00006938       LoadIcon
 0001:00006940       LoadKeyboardLayout
 0001:00006340       LoadLibrary
 0001:000002D4       LoadLibraryEx
 0001:00006348       LoadResource
 0001:00005264       LoadResourceModule
 0001:00005B6C       LoadResString
 0001:000002DC       LoadString
 0001:00006948       LoadString
 0001:00006E54       LoadTypeLib
 0001:00015A24       LoadTypeLibrary
 0001:00000380       LocalAlloc
 0001:00005D60       LocalAlloc
 0001:00005D68       LocalFree
 0001:00000388       LocalFree
 0001:0000B808       LocalGetLocaleStr
 0002:00002A84       Lock
 0001:00006350       LockResource
 0002:0002041C       LogTStr
 0002:000026A0       LongDateFormat
 0002:00002734       LongDayNames
 0002:000026E8       LongMonthNames
 0002:000026B4       LongTimeFormat
 0001:00007E4C       LowerCase
 0001:000063D0       lstrcpy
 0001:000002E4       lstrcpyn
 0002:00002830       LVarTypes
 0002:00002834       LVarTypeSync
 0002:00002030       MainInstance
 0002:00002034       MainThreadID
 0001:00000444       MakeEmpty
 0001:00003A68       MakeErrorMessage
 0002:00000AF4       MakeLast
 0001:00006B18       MakeLong
 0001:00020374       MakeObjectInstance
 0001:00006B70       MakeROP4
 0001:00006BA8       MakeWParam
 0001:0000C324       MapException
 0001:0002D54C       Mapi
 0002:00000938       MAPIDLL
 0002:0000093C       MAPIModule
 0001:000036C8       MapToRunError
 0001:00006950       MapVirtualKey
 0001:00006958       MapWindowPoints
 0002:00000B2C       Mask
 0001:00006530       MaskBlt
 0001:00029698       Math
 0001:00029660       Max
 0001:0004F14C       MaximizedChildren
 0002:00000040       MemoryManager
 0002:00000B48       MenuKeyCaps
 0001:0004A610       Menus
 0001:000004DC       MergeBlockAfter
 0001:000011B8       MergeCommit
 0001:00006960       MessageBeep
 0001:00000274       MessageBox
 0001:00006968       MessageBox
 0001:00057ABC       MessageDlgPos
 0001:00057AE0       MessageDlgPosHelp
 0001:00006DC8       Messages
 0001:00019D68       Min
 0001:00029658       Min
 0001:000380B0       MinVar
 0002:00002974       MMAvailable
 0002:00000DC8       ModalResults
 0002:00000B0C       ModeMap
 0001:00050E4C       ModifySystemMenu
 0002:000000A8       Module
 0002:00002665       ModuleIsCpp
 0002:00002664       ModuleIsLib
 0001:00020344       ModuleUnload
 0002:0000003C       ModuleUnloadList
 0002:00002950       MonitorFromPoint
 0002:0000294C       MonitorFromRect
 0002:00002948       MonitorFromWindow
 0002:00000100       MonthDays
 0002:00002B30       Mouse
 0001:00001CE4       Move
 0001:00006538       MoveToEx
 0001:00034868       MoveWindowOrg
 0001:00006358       MulDiv
 0001:000002F4       MultiByteToWideChar
 0001:00006360       MultiByteToWideChar
 0001:000563B4       MultiLineWidth
 0001:0002A0D0       MultiMon
 0001:00058FD8       NaoRegistrado
 0002:00002860       NeedToUninitialize
 0002:00002695       NegCurrFormat
 0001:00001244       NewCommit
 0001:00001270       NewCommitAt
 0002:00002B34       NewStyleControls
 0001:0000CBF0       NextCharIndex
 0001:0003E3B4       NextVisibleZone
 0002:00000448       NilMethod
 0002:00000030       NoErrMsg
 0001:00046188       NormalDraw
 0001:00003280       NotifyAnyExcept
 0001:00003254       NotifyExcept
 0001:000032B4       NotifyExceptFinally
 0001:000195D0       NotifyGlobalLoading
 0001:000055A0       NotifyModuleUnload
 0001:00003230       NotifyNonDelphiException
 0001:0000326C       NotifyOnExcept
 0001:00003214       NotifyReRaise
 0001:000032DC       NotifyTerminate
 0001:000032F8       NotifyUnhandled
 0001:0000A150       Now
 0001:00048F40       NthParentOf
 0001:000144AC       Null
 0002:0000033C       NullAsStringValue
 0002:00000338       NullStrictConvert
 0001:00032DD8       ObjectFromHWnd
 0002:00020418       ObsTStr
 0001:00006970       OemToAnsi
 0001:00006978       OffsetRect
 0002:0000286C       OleAutHandle
 0001:00014BFC       OleCheck
 0001:00014BE0       OleError
 0001:00004ABC       OleStrToStrVar
 0002:00002854       OleUninitializing
 0001:00006980       OpenClipboard
 0001:00001FC4       OpenText
 0002:000029BC       OpenThemeData
 0002:00000AEC       OrientArray
 0002:00000AB8       OuterStyles
 0002:000027A4       OutOfMemory
 0001:00023840       OutOfResources
 0002:0000221C       Output
 0002:00000340       PackVarCreation
 0002:00000744       Pal16
 0001:00021CF8       PaletteChanged
 0001:00024038       PaletteFromDIBColorTable
 0001:000240DC       PaletteToDIBColorTable
 0002:00000740       PalSize
 0001:00001E88       ParamCount
 0001:00001EF0       ParamStr
 0001:0003E798       ParentNotLast
 0001:00006540       PatBlt
 0002:000203F0       Path_cfop
 0002:000203E0       Path_Erro
 0002:000203E8       Path_Log
 0002:000203F4       Path_Municipio
 0002:000203F8       Path_ncm
 0002:000203FC       Path_pais
 0002:000203E4       Path_SPED
 0002:00002938       PatternManager
 0001:00006988       PeekMessage
 0002:0000292C       PenManager
 0002:00000710       PenModes
 0002:000006F0       PenStyles
 0002:000203D0       Periodo_Str
 0001:00006548       PlayEnhMetaFile
 0001:00006060       Point
 0001:000184E8       Point
 0001:00018920       PointerInModule
 0001:0003994C       PointsEqual
 0001:00006B90       PointToSmallPoint
 0002:00002BC0       PopupList
 0001:00006990       PostMessage
 0001:00006998       PostQuitMessage
 0001:000069A0       PostThreadMessage
 0001:00056A90       Printers
 0001:00052560       ProcessExecute
 0001:0004CAAC       ProcessHorz
 0001:00052660       ProcessUpdate
 0001:0004CB18       ProcessVert
 0001:0001C65C       PropertyNotFound
 0001:0001D8C4       PropPathError
 0002:00000C50       Props
 0001:0001C650       PropValueError
 0001:000069A8       PtInRect
 0002:000000A4       PtrToNil
 0001:00009240       PutExponent
 0002:00002B78       QualifyingSites
 0001:0000C2E0       RaiseAssertException
 0001:0001B670       RaiseException
 0001:0000022C       RaiseException
 0001:00015270       RaiseException
 0002:00002014       RaiseExceptionProc
 0001:0000D6B0       RaiseLastOSError
 0001:0001515C       RaiseNameException
 0001:0003F508       ReadControlName
 0001:0001EB04       ReadCustomVariant
 0001:0001C638       ReadError
 0001:00000234       ReadFile
 0001:00006368       ReadFile
 0001:00024390       ReadIcon
 0001:00002604       ReadLine
 0001:00006550       RealizePalette
 0001:0001CE78       Recover
 0001:00006044       Rect
 0001:00018510       Rect
 0001:00006560       Rectangle
 0001:00006558       RectVisible
 0001:000069B0       RedrawWindow
 0002:00002828       RefAnyProc
 0002:00002A80       ReferenceCount
 0001:000002FC       RegCloseKey
 0001:00006188       RegCloseKey
 0002:000003E4       RegFlags
 0002:000028AC       RegGroups
 0001:000190C4       RegisterClass
 0001:000069B8       RegisterClass
 0001:000069C0       RegisterClipboardFormat
 0001:00033BD8       RegisterDockSite
 0001:00019438       RegisterFindGlobalComponentProc
 0001:0001930C       RegisterIntegerConsts
 0001:000055FC       RegisterModule
 0001:00006E5C       RegisterTypeLib
 0001:00015A84       RegisterTypeLibrary
 0001:0002A4DC       RegisterViewer
 0001:000069C8       RegisterWindowMessage
 0002:00000DF8       Registrado
 0001:0005F310       Registro0000
 0001:0005FFDC       Registro0001
 0001:00060258       Registro0005
 0001:00060758       Registro0015
 0001:000609FC       Registro0100
 0001:000611DC       Registro0150
 0001:000619E8       Registro0175
 0001:00061CA4       Registro0190
 0001:00061E70       Registro0200
 0001:000623E4       Registro0205
 0001:000626E8       Registro0206
 0001:00062880       Registro0220
 0001:00062AA8       Registro0400
 0001:00062C8C       Registro0450
 0001:00062E7C       Registro0460
 0001:00063080       Registro0990
 0001:00096CD8       Registro1001
 0001:00096F48       Registro1100
 0001:000979C4       Registro1105
 0001:00097FA4       Registro1110
 0001:00098764       Registro1200
 0001:00098C5C       Registro1210
 0001:00098F78       Registro1300
 0001:00099B18       Registro1310
 0001:0009A548       Registro1320
 0001:0009B144       Registro1350
 0001:0009B460       Registro1360
 0001:0009B6C8       Registro1370
 0001:0009B918       Registro1400
 0001:0009BC98       Registro1500
 0001:0009D190       Registro1510
 0001:0009E1CC       Registro1600
 0001:0009E4D0       Registro1990
 0001:0009E764       Registro9001
 0001:0009E9D4       Registro9900
 0001:0009ED08       Registro9990
 0001:0009F0D8       Registro9999
 0001:000632F0       RegistroC001
 0001:00063564       RegistroC100
 0001:000645B8       RegistroC110
 0001:000647FC       RegistroC111
 0001:00064A4C       RegistroC112
 0001:000650C8       RegistroC113
 0001:00065754       RegistroC114
 0001:00065BCC       RegistroC115
 0001:000662CC       RegistroC120
 0001:000665C0       RegistroC130
 0001:000669E8       RegistroC140
 0001:00066F28       RegistroC141
 0001:000671B4       RegistroC160
 0001:00067594       RegistroC165
 0001:00067D68       RegistroC170
 0001:000691F0       RegistroC171
 0001:000693D0       RegistroC172
 0001:000695FC       RegistroC173
 0001:00069C50       RegistroC174
 0001:0006A170       RegistroC175
 0001:0006A884       RegistroC176
 0001:0006B3BC       RegistroC177
 0001:0006B744       RegistroC178
 0001:0006BBEC       RegistroC179
 0001:0006BF90       RegistroC190
 0001:0006C7A8       RegistroC195
 0001:0006C9C4       RegistroC197
 0001:0006CE9C       RegistroC300
 0001:0006D4CC       RegistroC310
 0001:0006D64C       RegistroC320
 0001:0006DDE0       RegistroC321
 0001:0006E3B8       RegistroC350
 0001:0006EB7C       RegistroC370
 0001:0006EFD0       RegistroC390
 0001:0006F740       RegistroC400
 0001:0006FABC       RegistroC405
 0001:0006FFA8       RegistroC410
 0001:0007025C       RegistroC420
 0001:0007063C       RegistroC425
 0001:00070958       RegistroC460
 0001:00071170       RegistroC470
 0001:000719A8       RegistroC490
 0001:00072074       RegistroC495
 0001:00072BE8       RegistroC500
 0001:000740B0       RegistroC510
 0001:00075194       RegistroC590
 0001:00075B80       RegistroC600
 0001:00077280       RegistroC601
 0001:00077408       RegistroC610
 0001:00077D84       RegistroC690
 0001:00078668       RegistroC700
 0001:000790EC       RegistroC790
 0001:000799D0       RegistroC791
 0001:00079DA4       RegistroC990
 0001:0007A038       RegistroD001
 0001:0007A2BC       RegistroD100
 0001:0007BC5C       RegistroD110
 0001:0007C198       RegistroD120
 0001:0007C6D8       RegistroD130
 0001:0007D270       RegistroD140
 0001:0007DE0C       RegistroD150
 0001:0007E9B4       RegistroD160
 0001:0007F340       RegistroD161
 0001:0007F984       RegistroD162
 0001:0008049C       RegistroD170
 0001:00080E84       RegistroD180
 0001:00081D3C       RegistroD190
 0001:000826CC       RegistroD300
 0001:00083BD4       RegistroD301
 0001:00083DC4       RegistroD310
 0001:00084384       RegistroD350
 0001:0008493C       RegistroD355
 0001:00084F44       RegistroD360
 0001:00085280       RegistroD365
 0001:000856B0       RegistroD370
 0001:00085CE8       RegistroD390
 0001:000865CC       RegistroD400
 0001:000876DC       RegistroD410
 0001:0008838C       RegistroD411
 0001:0008857C       RegistroD420
 0001:000888DC       RegistroD500
 0001:000895D0       RegistroD510
 0001:0008A260       RegistroD530
 0001:0008A908       RegistroD590
 0001:0008B1EC       RegistroD600
 0001:0008C0F8       RegistroD610
 0001:0008CF9C       RegistroD690
 0001:0008D880       RegistroD695
 0001:0008E0F0       RegistroD696
 0001:0008E9D4       RegistroD697
 0001:0008EDC4       RegistroD990
 0001:0008F058       RegistroE001
 0001:0008F2C8       RegistroE100
 0001:0008F57C       RegistroE110
 0001:0008FD30       RegistroE111
 0001:00090038       RegistroE112
 0001:000904D8       RegistroE113
 0001:00090BC0       RegistroE115
 0001:00090EC4       RegistroE116
 0001:000914F4       RegistroE200
 0001:00091A08       RegistroE210
 0001:00092994       RegistroE220
 0001:00092C3C       RegistroE230
 0001:0009303C       RegistroE240
 0001:00093618       RegistroE250
 0001:0009402C       RegistroE500
 0001:00094390       RegistroE510
 0001:00094718       RegistroE520
 0001:00094B78       RegistroE530
 0001:0009538C       RegistroE990
 0001:00095620       RegistroG001
 0001:00095890       RegistroG990
 0001:00095B24       RegistroH001
 0001:00095D94       RegistroH005
 0001:00095FB4       RegistroH010
 0001:00096A44       RegistroH990
 0002:00020414       RegistroTStr
 0001:0002D4E0       Registry
 0001:00006190       RegOpenKeyEx
 0001:00000304       RegOpenKeyEx
 0001:00006198       RegQueryValueEx
 0001:0000030C       RegQueryValueEx
 0002:00002C30       RegSPED
 0001:0001649C       RegStr
 0001:000069D0       ReleaseCapture
 0001:000069D8       ReleaseDC
 0002:0000004C       reMap
 0002:0000261C       remBytes
 0001:00059224       RemoveAlfaInvalid
 0001:00000564       RemoveBlock
 0002:00000424       RemoveDataModule
 0001:0001C508       RemoveFixupReferences
 0001:0001C5B4       RemoveFixups
 0001:0001C8AC       RemoveGlobalFixup
 0001:000069E0       RemoveMenu
 0001:000054F0       RemoveModuleUnloadProc
 0001:00005518       RemoveModuleUnloadProc
 0001:000592E8       RemoveNumInvalid
 0001:000069E8       RemoveProp
 0001:00006370       ResetEvent
 0001:0001F11C       ResetSyncEvent
 0001:000017A8       ResizeInPlace
 0001:00006568       RestoreDC
 0001:0004C434       RestoreFocusState
 0001:00019894       ReturnAddr
 0001:00044F48       ReturnAddr
 0001:0001A50C       ReturnAddr
 0001:00023DBC       RGBQuadToTriple
 0001:00023D74       RGBTripleToQuad
 0001:0002BFC0       RichEdit
 0002:00002B48       RM_GetObjectInstance
 0002:00002BDC       RM_TaskbarCreated
 0002:00002618       rover
 0002:00000940       RTFConversionFormat
 0001:000166D4       RTLConsts
 0001:0000023C       RtlUnwind
 0002:00002018       RTLUnwindProc
 0002:00000070       runErrMsg
 0001:00001BEC       RunErrorAt
 0001:0000E72C       SafeArrayCreate
 0001:0000E734       SafeArrayGetLBound
 0001:0000E73C       SafeArrayGetUBound
 0001:0000E744       SafeArrayPtrOfIndex
 0001:00014D18       SafeCallError
 0002:00002020       SafeCallErrorProc
 0001:0000DD74       SafeLoadLibrary
 0001:00007F40       SameText
 0001:00006570       SaveDC
 0001:0004C424       SaveFocusState
 0002:0000285C       SaveInitProc
 0002:0000040C       SaveInitProc
 0001:0000ADF4       ScanBlanks
 0001:0000AF38       ScanChar
 0001:0000B0B4       ScanDate
 0001:0000AE18       ScanNumber
 0001:0000AEAC       ScanString
 0001:0000B3F8       ScanTime
 0001:0000AFBC       ScanToNumber
 0002:00002BD4       Screen
 0002:000028E4       ScreenLogPixels
 0001:000069F0       ScreenToClient
 0001:0004CC64       ScrollBarVisible
 0001:000069F8       ScrollWindow
 0001:000012A4       SearchSmallBlocks
 0001:00006578       SelectObject
 0001:00006580       SelectPalette
 0001:00032E68       SendAppMessage
 0001:0004C6B4       SendFocusMessage
 0001:00006A00       SendMessage
 0002:00000BAC       Separators
 0001:00001F60       Set8087CW
 0001:00006A08       SetActiveWindow
 0001:00053F9C       SetAnimation
 0001:00006588       SetBkColor
 0001:00006590       SetBkMode
 0001:00006598       SetBrushOrgEx
 0001:00006A10       SetCapture
 0001:000330FC       SetCaptureControl
 0001:00006A18       SetClassLong
 0001:00014038       SetClearVarToEmptyParam
 0001:00006A20       SetClipboardData
 0001:0001CFE8       SetCompName
 0001:00006A28       SetCursor
 0001:000065A0       SetDIBColorTable
 0001:00006378       SetEndOfFile
 0001:00000244       SetEndOfFile
 0001:000065A8       SetEnhMetaFileBits
 0001:00006380       SetErrorMode
 0001:00006388       SetEvent
 0001:00003808       SetExceptionHandler
 0001:00006390       SetFilePointer
 0001:0000024C       SetFilePointer
 0001:00016B38       SetFloatProp
 0001:00006A30       SetFocus
 0001:00006A38       SetForegroundWindow
 0001:00041234       SetImeMode
 0001:00001C70       SetInOutRes
 0001:00016DBC       SetInt64Prop
 0001:00016DF8       SetInterfaceProp
 0001:0001DBA4       SetInterfaceReference
 0001:0001DAC0       SetIntIdent
 0002:00000C24       SetLayeredWindowAttributes
 0001:000169A0       SetLongStrProp
 0001:00001B18       SetMemoryManager
 0001:00006A40       SetMenu
 0001:00006A48       SetMenuItemInfo
 0001:00016D84       SetMethodProp
 0001:0001DB08       SetObjectIdent
 0001:000168A8       SetOrdProp
 0001:00006A50       SetParent
 0001:000065B0       SetPixel
 0001:00006A58       SetProp
 0001:00006A60       SetRect
 0001:000065B8       SetROP2
 0001:00006A68       SetScrollInfo
 0001:00006A70       SetScrollPos
 0001:00006A78       SetScrollRange
 0001:00016904       SetShortStrProp
 0001:00016958       SetShortStrPropAsLongStr
 0001:000065C0       SetStretchBltMode
 0001:00016A38       SetStrProp
 0001:0001CDF0       SetSubComponentState
 0001:000065C8       SetTextColor
 0002:00002A64       SetThemeAppProperties
 0001:00006398       SetThreadLocale
 0001:00006A80       SetTimer
 0001:00014020       SetVarAsError
 0001:00016D44       SetVariantProp
 0001:0001DB48       SetVariantReference
 0001:000065D0       SetViewportOrgEx
 0001:00055EB8       SetVisible
 0001:00016A64       SetWideStrProp
 0001:000169E0       SetWideStrPropAsLongStr
 0001:00006A88       SetWindowLong
 0001:000065E0       SetWindowOrgEx
 0001:00006A90       SetWindowPlacement
 0001:00006A98       SetWindowPos
 0001:00006AA0       SetWindowsHookEx
 0002:00002A28       SetWindowTheme
 0001:000065D8       SetWinMetaFileBits
 0001:0000602C       ShareMem
 0002:0000016C       ShareMode
 0001:00016464       ShellAPI
 0002:00002B00       ShellModule
 0001:00016544       ShlObj
 0001:00044F70       ShortCut
 0002:00002BC4       ShortCutItems
 0001:00044FFC       ShortCutToText
 0002:0000269C       ShortDateFormat
 0002:00002718       ShortDayNames
 0002:000026B8       ShortMonthNames
 0002:000026B0       ShortTimeFormat
 0001:000157E4       ShortToLongFileName
 0002:00000C90       ShowCommands
 0002:00000C84       ShowCommands
 0002:00000C9C       ShowCommands
 0001:00006AA8       ShowCursor
 0001:0000BE98       ShowException
 0002:00000D38       ShowFlags
 0002:00000AA0       ShowFlags
 0001:0004C43C       ShowMDIClientEdge
 0001:00057B94       ShowMessage
 0001:00057BA0       ShowMessagePos
 0001:00006AB0       ShowOwnedPopups
 0001:00006AB8       ShowScrollBar
 0001:00006AC0       ShowWindow
 0001:00053FC4       ShowWinNoAnimate
 0001:000407A0       ShowZone
 0002:00000B00       SizeCursors
 0001:000063A0       SizeofResource
 0001:0001E638       SkipBinary
 0001:0001E668       SkipCollection
 0001:0001E610       SkipList
 0001:000063A8       Sleep
 0001:0000D6A8       Sleep
 0001:00018500       SmallPoint
 0001:00006B7C       SmallPointToPoint
 0002:00002624       smallTab
 0002:000025EC       spaceRoot
 0001:0005AE28       SPEDDateToDateTime
 0001:000A0648       SPEDFiscal32dll
 0001:00019180       StartClassGroup
 0002:00000DF4       State
[...]
  9850 0001:0009303C  9851 0001:00093094  9852 0001:00093099  9854 0001:0009309C
  9856 0001:000930AE  9859 0001:000930BF  9860 0001:000930D1  9861 0001:000930E3
  9862 0001:000930F5  9863 0001:00093104  9864 0001:00093113  9865 0001:0009311C
  9867 0001:0009312B  9868 0001:0009313D  9875 0001:0009314C  9876 0001:00093159
  9877 0001:00093178  9878 0001:00093185  9882 0001:000931A4  9883 0001:000931B4
  9886 0001:000931CE  9888 0001:000931DE  9889 0001:000931E0  9892 0001:00093212
  9896 0001:0009322E  9899 0001:00093238  9905 0001:00093283  9931 0001:00093618
  9932 0001:00093670  9933 0001:00093675  9935 0001:00093678  9937 0001:0009368A
  9940 0001:0009369B  9941 0001:000936AD  9942 0001:000936BC  9943 0001:000936C5
  9944 0001:000936D4  9945 0001:000936E6  9946 0001:000936F8  9947 0001:0009370A
  9948 0001:0009371C  9955 0001:0009372E  9956 0001:0009373B  9958 0001:0009375A
  9959 0001:00093767  9963 0001:00093786  9964 0001:00093796  9967 0001:000937B0
  9969 0001:000937C0  9970 0001:000937C2  9973 0001:000937F4  9977 0001:00093810
  9980 0001:0009381A  9986 0001:00093865 10008 0001:0009402C 10009 0001:0009405C
 10010 0001:00094061 10012 0001:00094064 10014 0001:00094076 10017 0001:00094087
 10018 0001:00094099 10019 0001:000940A2 10020 0001:000940B1 10021 0001:000940BA
 10029 0001:000940C9 10030 0001:000940D6 10031 0001:000940F5 10032 0001:00094102
 10033 0001:00094121 10034 0001:0009412E 10038 0001:0009414D 10039 0001:0009415D
 10042 0001:00094177 10045 0001:00094187 10047 0001:000941A1 10049 0001:000941A3
 10053 0001:000941C8 10057 0001:000941D2 10063 0001:0009421D 10086 0001:00094390
 10087 0001:000943CE 10088 0001:000943D3 10090 0001:000943D6 10092 0001:000943E8
 10095 0001:000943F9 10096 0001:0009440B 10097 0001:0009441A 10098 0001:00094429
 10099 0001:00094438 10105 0001:00094447 10106 0001:00094454 10110 0001:00094473
 10111 0001:00094483 10114 0001:0009449D 10117 0001:000944AD 10119 0001:000944C7
 10121 0001:000944C9 10125 0001:000944F4 10128 0001:000944FE 10134 0001:00094549
 10158 0001:00094718 10159 0001:00094764 10160 0001:00094769 10162 0001:0009476C
 10164 0001:0009477E 10167 0001:0009478F 10168 0001:0009479E 10169 0001:000947AD
 10170 0001:000947BC 10171 0001:000947CB 10172 0001:000947DA 10173 0001:000947E9
 10181 0001:000947F8 10182 0001:00094808 10185 0001:00094822 10188 0001:00094832
 10190 0001:0009484C 10192 0001:0009484E 10197 0001:0009487F 10200 0001:00094889
 10206 0001:000948CF 10230 0001:00094B78 10231 0001:00094BC0 10232 0001:00094BC5
 10234 0001:00094BC8 10236 0001:00094BDA 10239 0001:00094BEB 10240 0001:00094BFD
 10241 0001:00094C0C 10242 0001:00094C1E 10243 0001:00094C30 10244 0001:00094C42
 10250 0001:00094C54 10251 0001:00094C61 10253 0001:00094C80 10254 0001:00094C8D
 10258 0001:00094CAC 10259 0001:00094CBC 10262 0001:00094CD6 10264 0001:00094CE6
 10265 0001:00094CE8 10268 0001:00094D14 10272 0001:00094D30 10275 0001:00094D3A
 10281 0001:00094D85 10304 0001:0009538C 10305 0001:000953A8 10306 0001:000953AD
 10308 0001:000953B4 10310 0001:000953C6 10313 0001:000953D7 10314 0001:000953DC
 10316 0001:000953ED 10317 0001:0009541E 10318 0001:00095424 10314 0001:0009542A
 10319 0001:0009542D 10322 0001:00095437 10328 0001:00095446 10329 0001:00095463
 10332 0001:00095474 10333 0001:00095484 10336 0001:0009549E 10339 0001:000954AE
 10341 0001:000954C8 10343 0001:000954CD 10347 0001:000954E7 10350 0001:000954F1
 10356 0001:00095530 10378 0001:00095620 10379 0001:0009563E 10380 0001:00095643
 10382 0001:00095646 10384 0001:00095658 10387 0001:00095669 10393 0001:00095678
 10394 0001:00095695 10395 0001:000956A6 10396 0001:000956B3 10399 0001:000956D2
 10400 0001:000956E2 10403 0001:000956FC 10406 0001:0009570C 10408 0001:00095726
 10410 0001:00095728 10414 0001:00095742 10417 0001:0009574C 10423 0001:00095792
 10443 0001:00095890 10444 0001:000958AC 10445 0001:000958B1 10447 0001:000958B8
 10449 0001:000958CA 10452 0001:000958DB 10453 0001:000958E0 10455 0001:000958F1
 10456 0001:00095922 10457 0001:00095928 10453 0001:0009592E 10458 0001:00095931
 10461 0001:0009593B 10467 0001:0009594A 10468 0001:00095967 10471 0001:00095978
 10472 0001:00095988 10475 0001:000959A2 10478 0001:000959B2 10480 0001:000959CC
 10482 0001:000959D1 10486 0001:000959EB 10489 0001:000959F5 10495 0001:00095A34
 10521 0001:00095B24 10522 0001:00095B42 10523 0001:00095B47 10525 0001:00095B4A
 10527 0001:00095B5C 10530 0001:00095B6D 10536 0001:00095B7C 10537 0001:00095B99
 10538 0001:00095BAA 10539 0001:00095BB7 10542 0001:00095BD6 10543 0001:00095BE6
 10546 0001:00095C00 10549 0001:00095C10 10551 0001:00095C2A 10553 0001:00095C2C
 10557 0001:00095C46 10560 0001:00095C50 10566 0001:00095C96 10585 0001:00095D94
 10586 0001:00095DBA 10587 0001:00095DBF 10589 0001:00095DC2 10591 0001:00095DD4
 10594 0001:00095DE5 10595 0001:00095DEE 10596 0001:00095DFD 10602 0001:00095E0C
 10603 0001:00095E19 10606 0001:00095E38 10607 0001:00095E48 10610 0001:00095E62
 10613 0001:00095E72 10615 0001:00095E8C 10617 0001:00095E8E 10621 0001:00095EB0
 10624 0001:00095EBA 10630 0001:00095F05 10657 0001:00095FB4 10658 0001:00096012
 10659 0001:00096017 10661 0001:0009601A 10663 0001:0009602C 10666 0001:0009603D
 10667 0001:0009604F 10668 0001:00096061 10669 0001:00096070 10670 0001:0009607F
 10671 0001:0009608E 10672 0001:000960A0 10673 0001:000960B2 10674 0001:000960C4
 10680 0001:000960D6 10681 0001:000960E3 10684 0001:00096102 10685 0001:00096112
 10688 0001:0009612C 10690 0001:0009613C 10691 0001:0009613E 10694 0001:00096173
 10698 0001:0009618F 10701 0001:00096199 10707 0001:000961E4 10727 0001:00096A44
 10728 0001:00096A60 10729 0001:00096A65 10731 0001:00096A6C 10733 0001:00096A7E
 10736 0001:00096A8F 10737 0001:00096A94 10739 0001:00096AA5 10740 0001:00096AD6
 10741 0001:00096ADC 10737 0001:00096AE2 10742 0001:00096AE5 10745 0001:00096AEF
 10751 0001:00096AFE 10752 0001:00096B1B 10755 0001:00096B2C 10756 0001:00096B3C
 10759 0001:00096B56 10762 0001:00096B66 10764 0001:00096B80 10766 0001:00096B85
 10770 0001:00096B9F 10773 0001:00096BA9 10779 0001:00096BE8 10801 0001:00096CD8
 10802 0001:00096CF6 10803 0001:00096CFB 10805 0001:00096CFE 10807 0001:00096D10
 10810 0001:00096D21 10816 0001:00096D30 10817 0001:00096D4D 10818 0001:00096D5E
 10819 0001:00096D6B 10822 0001:00096D8A 10823 0001:00096D9A 10826 0001:00096DB4
 10829 0001:00096DC4 10831 0001:00096DDE 10833 0001:00096DE0 10837 0001:00096DFA
 10840 0001:00096E04 10846 0001:00096E4A 10879 0001:00096F48 10880 0001:00096FBB
 10881 0001:00096FC0 10883 0001:00096FC3 10885 0001:00096FD5 10888 0001:00096FE6
 10889 0001:00096FF5 10890 0001:00097004 10891 0001:0009700D 10892 0001:0009701C
 10893 0001:0009702B 10894 0001:0009703A 10895 0001:00097043 10896 0001:00097052
 10897 0001:00097064 10898 0001:0009706D 10899 0001:0009707C 10900 0001:00097085
 10901 0001:00097094 10902 0001:000970A3 10909 0001:000970B2 10910 0001:000970BF
 10912 0001:000970DE 10913 0001:000970EB 10915 0001:0009710A 10916 0001:00097117
 10918 0001:00097136 10919 0001:00097143 10921 0001:00097162 10922 0001:0009716F
 10924 0001:0009718E 10925 0001:0009719B 10928 0001:000971BA 10929 0001:000971CA
 10932 0001:000971E4 10934 0001:000971F4 10935 0001:000971F6 10938 0001:00097231
 10942 0001:0009724D 10945 0001:00097257 10951 0001:000972A2 10975 0001:000979C4
 10976 0001:00097A0C 10977 0001:00097A11 10979 0001:00097A14 10981 0001:00097A26
 10984 0001:00097A37 10985 0001:00097A49 10986 0001:00097A5B 10987 0001:00097A6A
 10988 0001:00097A79 10989 0001:00097A82 10990 0001:00097A91 10997 0001:00097AA3
 10998 0001:00097AB0 11000 0001:00097ACF 11001 0001:00097ADC 11004 0001:00097AFB
 11005 0001:00097B0B 11008 0001:00097B25 11010 0001:00097B35 11011 0001:00097B37
 11014 0001:00097B63 11018 0001:00097B7F 11021 0001:00097B89 11027 0001:00097BD4
 11052 0001:00097FA4 11053 0001:00098004 11054 0001:00098009 11056 0001:0009800C
 11058 0001:0009801E 11061 0001:0009802F 11062 0001:00098041 11063 0001:00098053
 11064 0001:00098065 11065 0001:00098074 11066 0001:0009807D 11067 0001:0009808C
 11068 0001:0009809B 11069 0001:000980AA 11070 0001:000980B9 11077 0001:000980CB
 11078 0001:000980D8 11080 0001:000980F7 11081 0001:00098104 11084 0001:00098123
 11085 0001:00098133 11088 0001:0009814D 11090 0001:0009815D 11091 0001:0009815F
 11094 0001:00098194 11098 0001:000981B0 11101 0001:000981BA 11107 0001:00098205
 11130 0001:00098764 11131 0001:000987A8 11132 0001:000987AD 11134 0001:000987B0
 11136 0001:000987C2 11139 0001:000987D3 11140 0001:000987E5 11141 0001:000987F4
 11142 0001:00098803 11143 0001:00098812 11144 0001:00098821 11152 0001:00098830
 11153 0001:00098840 11156 0001:0009885A 11158 0001:0009886A 11159 0001:0009886C
 11162 0001:00098898 11166 0001:000988B4 11169 0001:000988BE 11175 0001:00098904
 11195 0001:00098C5C 11196 0001:00098C88 11197 0001:00098C8D 11199 0001:00098C90
 11201 0001:00098CA2 11204 0001:00098CB3 11205 0001:00098CC2 11206 0001:00098CD4
 11214 0001:00098CE3 11215 0001:00098CF3 11218 0001:00098D0D 11220 0001:00098D1D
 11221 0001:00098D1F 11224 0001:00098D42 11228 0001:00098D5E 11231 0001:00098D68
 11237 0001:00098DAE 11265 0001:00098F78 11266 0001:00098FDE 11267 0001:00098FE3
 11269 0001:00098FE6 11271 0001:00098FF8 11274 0001:00099009 11275 0001:0009901B
 11276 0001:00099024 11277 0001:00099033 11278 0001:00099042 11279 0001:00099051
 11280 0001:00099060 11281 0001:0009906F 11282 0001:0009907E 11283 0001:0009908D
 11284 0001:0009909C 11291 0001:000990AB 11292 0001:000990B8 11295 0001:000990D7
 11296 0001:000990E7 11299 0001:00099101 11301 0001:00099111 11302 0001:00099113
 11305 0001:0009914B 11309 0001:00099167 11312 0001:00099171 11318 0001:000991BC
 11345 0001:00099B18 11346 0001:00099B74 11347 0001:00099B79 11349 0001:00099B7C
 11351 0001:00099B8E 11354 0001:00099B9F 11355 0001:00099BAE 11356 0001:00099BBD
 11357 0001:00099BCC 11358 0001:00099BDB 11359 0001:00099BEA 11360 0001:00099BF9
 11361 0001:00099C08 11362 0001:00099C17 11370 0001:00099C26 11371 0001:00099C36
 11374 0001:00099C50 11376 0001:00099C60 11377 0001:00099C62 11380 0001:00099C97
 11384 0001:00099CB3 11387 0001:00099CBD 11393 0001:00099D03 11423 0001:0009A548
 11424 0001:0009A5B1 11425 0001:0009A5B6 11427 0001:0009A5B9 11429 0001:0009A5CB
 11432 0001:0009A5DC 11433 0001:0009A5EB 11434 0001:0009A5FA 11435 0001:0009A60C
 11436 0001:0009A61E 11437 0001:0009A62D 11438 0001:0009A63C 11439 0001:0009A64B
 11440 0001:0009A65A 11441 0001:0009A669 11448 0001:0009A678 11449 0001:0009A698
 11451 0001:0009A6B7 11452 0001:0009A6D7 11455 0001:0009A6F6 11456 0001:0009A706
 11459 0001:0009A720 11461 0001:0009A730 11462 0001:0009A732 11465 0001:0009A76A
 11469 0001:0009A786 11472 0001:0009A790 11478 0001:0009A7DB 11499 0001:0009B144
 11500 0001:0009B17A 11501 0001:0009B17F 11503 0001:0009B182 11505 0001:0009B194
 11508 0001:0009B1A5 11509 0001:0009B1B7 11510 0001:0009B1C9 11511 0001:0009B1DB
 11517 0001:0009B1ED 11518 0001:0009B1FA 11521 0001:0009B219 11522 0001:0009B229
 11525 0001:0009B243 11527 0001:0009B253 11528 0001:0009B255 11531 0001:0009B27B
 11535 0001:0009B297 11538 0001:0009B2A1 11544 0001:0009B2EC 11563 0001:0009B460
 11564 0001:0009B486 11565 0001:0009B48B 11567 0001:0009B48E 11569 0001:0009B4A0
 11572 0001:0009B4B1 11573 0001:0009B4C3 11574 0001:0009B4CC 11581 0001:0009B4DB
 11582 0001:0009B4E8 11585 0001:0009B507 11586 0001:0009B517 11589 0001:0009B531
 11591 0001:0009B541 11592 0001:0009B543 11595 0001:0009B563 11599 0001:0009B57F
 11602 0001:0009B589 11608 0001:0009B5D4 11627 0001:0009B6C8 11628 0001:0009B6F4
 11629 0001:0009B6F9 11631 0001:0009B6FC 11633 0001:0009B70E 11636 0001:0009B71F
 11637 0001:0009B72E 11638 0001:0009B740 11646 0001:0009B74F 11647 0001:0009B75F
 11650 0001:0009B779 11652 0001:0009B789 11653 0001:0009B78B 11656 0001:0009B7AE
 11660 0001:0009B7CA 11663 0001:0009B7D4 11669 0001:0009B81A 11690 0001:0009B918
 11691 0001:0009B946 11692 0001:0009B94B 11694 0001:0009B94E 11696 0001:0009B960
 11699 0001:0009B971 11700 0001:0009B983 11701 0001:0009B992 11708 0001:0009B9A1
 11709 0001:0009B9AE 11712 0001:0009B9CD 11713 0001:0009B9DD 11716 0001:0009B9F7
 11718 0001:0009BA07 11719 0001:0009BA09 11722 0001:0009BA2C 11726 0001:0009BA48
 11729 0001:0009BA52 11735 0001:0009BA9D 11785 0001:0009BC98 11786 0001:0009BD73
 11787 0001:0009BD78 11789 0001:0009BD7B 11791 0001:0009BD8D 11794 0001:0009BD9E
 11795 0001:0009BDB0 11796 0001:0009BDC2 11797 0001:0009BDD4 11798 0001:0009BDE6
 11799 0001:0009BDF5 11800 0001:0009BE07 11801 0001:0009BE16 11802 0001:0009BE25
 11803 0001:0009BE34 11804 0001:0009BE3D 11805 0001:0009BE4C 11806 0001:0009BE55
 11807 0001:0009BE64 11808 0001:0009BE73 11809 0001:0009BE82 11810 0001:0009BE91
 11811 0001:0009BEA0 11812 0001:0009BEAF 11813 0001:0009BEBE 11814 0001:0009BECD
 11815 0001:0009BEDC 11816 0001:0009BEEB 11817 0001:0009BEFA 11818 0001:0009BF0C
 11819 0001:0009BF1B 11826 0001:0009BF2A 11827 0001:0009BF37 11829 0001:0009BF56
 11830 0001:0009BF63 11832 0001:0009BF82 11833 0001:0009BF8F 11835 0001:0009BFAE
 11836 0001:0009BFBB 11838 0001:0009BFDA 11839 0001:0009BFE7 11841 0001:0009C006
 11842 0001:0009C013 11845 0001:0009C032 11846 0001:0009C042 11849 0001:0009C05C
 11851 0001:0009C070 11852 0001:0009C072 11855 0001:0009C0D4 11859 0001:0009C0F0
 11862 0001:0009C0FA 11868 0001:0009C145 11909 0001:0009D190 11910 0001:0009D248
 11911 0001:0009D24D 11913 0001:0009D250 11915 0001:0009D262 11918 0001:0009D273
 11919 0001:0009D282 11920 0001:0009D294 11921 0001:0009D2A3 11922 0001:0009D2B2
 11923 0001:0009D2C4 11924 0001:0009D2D3 11925 0001:0009D2E2 11926 0001:0009D2F1
 11927 0001:0009D300 11928 0001:0009D30F 11929 0001:0009D31E 11930 0001:0009D32D
 11931 0001:0009D33C 11932 0001:0009D34B 11933 0001:0009D35A 11934 0001:0009D36C
 11935 0001:0009D37E 11936 0001:0009D38D 11937 0001:0009D39C 11944 0001:0009D3AE
 11945 0001:0009D3BB 11947 0001:0009D3DA 11948 0001:0009D3E7 11951 0001:0009D406
 11952 0001:0009D416 11955 0001:0009D430 11957 0001:0009D440 11958 0001:0009D442
 11961 0001:0009D498 11965 0001:0009D4B4 11968 0001:0009D4BE 11974 0001:0009D509
 11994 0001:0009E1CC 11995 0001:0009E1F8 11996 0001:0009E1FD 11998 0001:0009E200
 12000 0001:0009E212 12003 0001:0009E223 12004 0001:0009E235 12005 0001:0009E244
 12013 0001:0009E253 12014 0001:0009E263 12017 0001:0009E27D 12019 0001:0009E28D
 12020 0001:0009E28F 12023 0001:0009E2B2 12027 0001:0009E2CE 12030 0001:0009E2D8
 12036 0001:0009E31E 12057 0001:0009E4D0 12058 0001:0009E4EC 12059 0001:0009E4F1
 12061 0001:0009E4F8 12063 0001:0009E50A 12066 0001:0009E51B 12067 0001:0009E520
 12069 0001:0009E531 12070 0001:0009E562 12071 0001:0009E568 12067 0001:0009E56E
 12072 0001:0009E571 12075 0001:0009E57B 12081 0001:0009E58A 12082 0001:0009E5A7
 12085 0001:0009E5B8 12086 0001:0009E5C8 12089 0001:0009E5E2 12092 0001:0009E5F2
 12094 0001:0009E60C 12096 0001:0009E611 12100 0001:0009E62B 12103 0001:0009E635
 12109 0001:0009E674 12132 0001:0009E764 12133 0001:0009E782 12134 0001:0009E787
 12136 0001:0009E78A 12138 0001:0009E79C 12141 0001:0009E7AD 12147 0001:0009E7BC
 12148 0001:0009E7D9 12149 0001:0009E7EA 12150 0001:0009E7F7 12153 0001:0009E816
 12154 0001:0009E826 12157 0001:0009E840 12160 0001:0009E850 12162 0001:0009E86A
 12164 0001:0009E86C 12168 0001:0009E886 12171 0001:0009E890 12177 0001:0009E8D6
 12197 0001:0009E9D4 12198 0001:0009E9EF 12199 0001:0009E9F4 12201 0001:0009E9F7
 12203 0001:0009EA09 12207 0001:0009EA1A 12209 0001:0009EA2B 12211 0001:0009EA34
 12213 0001:0009EA4B 12214 0001:0009EA55 12216 0001:0009EA63 12217 0001:0009EA75
 12219 0001:0009EA84 12220 0001:0009EAA4 12222 0001:0009EAC0 12224 0001:0009EAD7
 12227 0001:0009EAF1 12207 0001:0009EAF7 12229 0001:0009EAFE 12230 0001:0009EB45
 12231 0001:0009EB4F 12240 0001:0009EB59 12241 0001:0009EB69 12244 0001:0009EB83
 12247 0001:0009EB93 12249 0001:0009EBAD 12254 0001:0009EBB1 12257 0001:0009EBBB
 12263 0001:0009EBF9 12281 0001:0009ED08 12282 0001:0009ED24 12283 0001:0009ED29
 12285 0001:0009ED30 12287 0001:0009ED42 12290 0001:0009ED53 12291 0001:0009ED58
 12293 0001:0009ED69 12294 0001:0009ED9A 12295 0001:0009EDA0 12291 0001:0009EDA6
 12296 0001:0009EDA9 12297 0001:0009EDAC 12300 0001:0009EDB6 12308 0001:0009EDC5
 12309 0001:0009EDE2 12312 0001:0009EDF3 12313 0001:0009EE03 12316 0001:0009EE1D
 12319 0001:0009EE2D 12321 0001:0009EE47 12323 0001:0009EE4C 12327 0001:0009EE66
 12330 0001:0009EE70 12336 0001:0009EEAF 12360 0001:0009EFA0 12361 0001:0009EFCE
 12363 0001:0009F000 12364 0001:0009F004 12366 0001:0009F026 12373 0001:0009F046
 12375 0001:0009F06E 12377 0001:0009F0D8 12378 0001:0009F0F1 12379 0001:0009F0F6
 12381 0001:0009F0F9 12384 0001:0009F10B 12385 0001:0009F110 12386 0001:0009F11F
 12385 0001:0009F126 12388 0001:0009F129 12391 0001:0009F133 12397 0001:0009F142
 12398 0001:0009F15F 12402 0001:0009F170 12404 0001:0009F17F 12406 0001:0009F188
 12402 0001:0009F18D 12409 0001:0009F190 12411 0001:0009F195 12412 0001:0009F1A8
 12413 0001:0009F1BB 12414 0001:0009F1CE 12416 0001:0009F1E1 12417 0001:0009F1F4
 12418 0001:0009F207 12419 0001:0009F21A 12420 0001:0009F22D 12421 0001:0009F240
 12422 0001:0009F253 12423 0001:0009F266 12424 0001:0009F279 12425 0001:0009F28C
 12426 0001:0009F29F 12427 0001:0009F2B2 12428 0001:0009F2C5 12429 0001:0009F2D8
 12430 0001:0009F2EB 12431 0001:0009F2FE 12432 0001:0009F311 12433 0001:0009F324
 12434 0001:0009F337 12435 0001:0009F34A 12436 0001:0009F35D 12437 0001:0009F370
 12438 0001:0009F383 12439 0001:0009F396 12440 0001:0009F3A9 12441 0001:0009F3BC
 12442 0001:0009F3CF 12443 0001:0009F3E2 12444 0001:0009F3F5 12445 0001:0009F408
 12446 0001:0009F41B 12447 0001:0009F42E 12448 0001:0009F441 12449 0001:0009F454
 12450 0001:0009F467 12451 0001:0009F47A 12452 0001:0009F48D 12453 0001:0009F4A0
 12454 0001:0009F4B3 12455 0001:0009F4C6 12456 0001:0009F4D9 12457 0001:0009F4EC
 12458 0001:0009F4FF 12459 0001:0009F512 12460 0001:0009F525 12461 0001:0009F538
 12462 0001:0009F54B 12463 0001:0009F55E 12464 0001:0009F571 12465 0001:0009F584
 12466 0001:0009F597 12468 0001:0009F5AA 12469 0001:0009F5BD 12470 0001:0009F5D0
 12471 0001:0009F5E3 12472 0001:0009F5F6 12473 0001:0009F609 12474 0001:0009F61C
 12475 0001:0009F62F 12476 0001:0009F642 12477 0001:0009F655 12478 0001:0009F668
 12479 0001:0009F67B 12480 0001:0009F68E 12481 0001:0009F6A1 12482 0001:0009F6B4
 12483 0001:0009F6C7 12484 0001:0009F6DA 12485 0001:0009F6ED 12486 0001:0009F700
 12487 0001:0009F713 12488 0001:0009F726 12489 0001:0009F739 12490 0001:0009F74C
 12491 0001:0009F75F 12492 0001:0009F772 12493 0001:0009F785 12494 0001:0009F798
 12495 0001:0009F7AB 12496 0001:0009F7BE 12498 0001:0009F7D1 12499 0001:0009F7E4
 12500 0001:0009F7F7 12501 0001:0009F80A 12502 0001:0009F81D 12503 0001:0009F830
 12504 0001:0009F843 12505 0001:0009F856 12506 0001:0009F869 12507 0001:0009F87C
 12508 0001:0009F88F 12509 0001:0009F8A2 12510 0001:0009F8B5 12511 0001:0009F8C8
 12512 0001:0009F8DB 12513 0001:0009F8EE 12515 0001:0009F901 12516 0001:0009F914
 12518 0001:0009F927 12519 0001:0009F93A 12520 0001:0009F94D 12521 0001:0009F960
 12522 0001:0009F973 12523 0001:0009F986 12524 0001:0009F999 12525 0001:0009F9AC
 12526 0001:0009F9BF 12527 0001:0009F9D2 12528 0001:0009F9E5 12529 0001:0009F9F8
 12530 0001:0009FA0B 12531 0001:0009FA1E 12532 0001:0009FA31 12535 0001:0009FA44
 12536 0001:0009FA54 12539 0001:0009FA6E 12541 0001:0009FA7E 12542 0001:0009FA80
 12545 0001:0009FA98 12549 0001:0009FAB4 12552 0001:0009FABE 12559 0001:0009FB04
 12787 0001:000A0648 12787 0001:000A0658

Bound resource files

c:\arquivos de programas\borland\delphi7\Lib\Buttons.res
c:\arquivos de programas\borland\delphi7\Lib\ExtDlgs.res
c:\arquivos de programas\borland\delphi7\Lib\Controls.res
SPEDFiscal32dll.res
SPEDFiscal32dll.drf


Program entry point at 0001:000A0648
